<html>
<body>
<pre>
<h1>µVision Build Log</h1>
<h2>Project:</h2>
E:\IRIM\Cable\CWR2\Software\CWR2\CWR2_UCOS-II\MASTER\20180920\USER\CWR2.uvprojx
Project File Date:  09/14/2018

<h2>Output:</h2>
Build target 'Template'
compiling main.c...
..\HARDWARE\MOTOR\Motor.h(22): warning:  #1-D: last line of file ends without a newline
  #endif
main.c: 1 warning, 0 errors
linking...
Program Size: Code=23850 RO-data=1194 RW-data=148 ZI-data=9660  
FromELF: creating hex file...
"..\OBJ\CWR2.axf" - 0 Error(s), 1 Warning(s).
Load "..\\OBJ\\CWR2.axf" 
Set JLink Project File to "E:\IRIM\Cable\CWR2\Software\CWR2\CWR2_UCOS-II\MASTER\20180920\USER\JLinkSettings.ini"
* JLink Info: Device "STM32F407ZE" selected (512 KB flash, 128 KB RAM).
 
JLink info:
------------
DLL: V4.80g, compiled Feb 13 2014 20:50:02
Firmware: J-Link ARM-OB STM32 compiled Aug 22 2012 19:52:04
Hardware: V7.00
S/N : 20090928 
Feature(s) : RDI,FlashDL,FlashBP,JFlash,GDBFull 
 
* JLink Info: Found SWD-DP with ID 0x2BA01477
* JLink Info: Found SWD-DP with ID 0x2BA01477
* JLink Info: Found Cortex-M4 r0p1, Little endian.
* JLink Info: FPUnit: 6 code (BP) slots and 2 literal slots
* JLink Info: TPIU fitted.
* JLink Info: ETM fitted.
ROMTableAddr = 0xE00FF003
 
Target info:
------------
Device: STM32F407ZE
VTarget = 3.300V
State of Pins: 
TCK: 0, TDI: 0, TDO: 1, TMS: 0, TRES: 1, TRST: 1
Hardware-Breakpoints: 6
Software-Breakpoints: 8192
Watchpoints:          4
JTAG speed: 2000 kHz
 
Erase Done.
Programming Done.
Verify OK.
Application running ...
</pre>
</body>
</html>
