Product: MDK-ARM Professional 5.10
Component: ARM Compiler 5.04 update 1 (build 49)
Tool: armlink [5040049]

==============================================================================

Section Cross References

    main.o(.text) refers to can.o(.text) for CAN1_Mode_Init
    main.o(.text) refers to delay.o(.text) for delay_ms
    main.o(.text) refers to rs485.o(.text) for RS485Init
    main.o(.text) refers to motor.o(.text) for MotorCrl
    main.o(.text) refers to os_core.o(.text) for OSStatInit
    main.o(.text) refers to os_cpu_a.o(.text) for OS_CPU_SR_Save
    main.o(.text) refers to os_task.o(.text) for OSTaskCreate
    main.o(.text) refers to led.o(.text) for LED_Init
    main.o(.text) refers to usart.o(.text) for uart_init
    main.o(.text) refers to main.o(.data) for i
    main.o(.text) refers to glb_reg.o(.bss) for dGlbReg
    main.o(.text) refers to main.o(.bss) for LED_TASK_STK
    system_stm32f4xx.o(.text) refers to system_stm32f4xx.o(.data) for SystemCoreClock
    glb_reg.o(.constdata) refers to glb_reg.o(.bss) for dGlbReg
    startup_stm32f40_41xxx.o(STACK) refers (Special) to heapauxi.o(.text) for __use_two_region_memory
    startup_stm32f40_41xxx.o(HEAP) refers (Special) to heapauxi.o(.text) for __use_two_region_memory
    startup_stm32f40_41xxx.o(RESET) refers (Special) to heapauxi.o(.text) for __use_two_region_memory
    startup_stm32f40_41xxx.o(RESET) refers to startup_stm32f40_41xxx.o(STACK) for __initial_sp
    startup_stm32f40_41xxx.o(RESET) refers to startup_stm32f40_41xxx.o(.text) for Reset_Handler
    startup_stm32f40_41xxx.o(RESET) refers to stm32f4xx_it.o(.text) for NMI_Handler
    startup_stm32f40_41xxx.o(RESET) refers to os_cpu_a.o(.text) for PendSV_Handler
    startup_stm32f40_41xxx.o(RESET) refers to delay.o(.text) for SysTick_Handler
    startup_stm32f40_41xxx.o(RESET) refers to rs485.o(.text) for TIM3_IRQHandler
    startup_stm32f40_41xxx.o(RESET) refers to usart.o(.text) for USART3_IRQHandler
    startup_stm32f40_41xxx.o(.text) refers (Special) to heapauxi.o(.text) for __use_two_region_memory
    startup_stm32f40_41xxx.o(.text) refers to system_stm32f4xx.o(.text) for SystemInit
    startup_stm32f40_41xxx.o(.text) refers to __main.o(!!!main) for __main
    startup_stm32f40_41xxx.o(.text) refers to startup_stm32f40_41xxx.o(HEAP) for Heap_Mem
    startup_stm32f40_41xxx.o(.text) refers to startup_stm32f40_41xxx.o(STACK) for Stack_Mem
    stm32f4xx_gpio.o(.text) refers to stm32f4xx_rcc.o(.text) for RCC_AHB1PeriphResetCmd
    stm32f4xx_rcc.o(.text) refers to stm32f4xx_rcc.o(.data) for APBAHBPrescTable
    stm32f4xx_syscfg.o(.text) refers to stm32f4xx_rcc.o(.text) for RCC_APB2PeriphResetCmd
    stm32f4xx_usart.o(.text) refers to stm32f4xx_rcc.o(.text) for RCC_APB2PeriphResetCmd
    stm32f4xx_tim.o(.text) refers to stm32f4xx_rcc.o(.text) for RCC_APB2PeriphResetCmd
    stm32f4xx_can.o(.text) refers to stm32f4xx_rcc.o(.text) for RCC_APB1PeriphResetCmd
    delay.o(.text) refers to os_core.o(.text) for OSSchedLock
    delay.o(.text) refers to os_time.o(.text) for OSTimeDly
    delay.o(.text) refers to misc.o(.text) for SysTick_CLKSourceConfig
    delay.o(.text) refers to os_core.o(.data) for OSRunning
    delay.o(.text) refers to delay.o(.data) for fac_us
    usart.o(.rev16_text) refers (Special) to use_no_semi_2.o(.text) for __use_no_semihosting
    usart.o(.revsh_text) refers (Special) to use_no_semi_2.o(.text) for __use_no_semihosting
    usart.o(.text) refers (Special) to use_no_semi_2.o(.text) for __use_no_semihosting
    usart.o(.text) refers to stm32f4xx_rcc.o(.text) for RCC_AHB1PeriphClockCmd
    usart.o(.text) refers to stm32f4xx_gpio.o(.text) for GPIO_PinAFConfig
    usart.o(.text) refers to stm32f4xx_usart.o(.text) for USART_Init
    usart.o(.text) refers to misc.o(.text) for NVIC_Init
    usart.o(.text) refers to os_core.o(.text) for OSIntEnter
    usart.o(.text) refers to usart.o(.data) for USART_RX_STA
    usart.o(.text) refers to usart.o(.bss) for USART_RX_BUF
    usart.o(.bss) refers (Special) to use_no_semi_2.o(.text) for __use_no_semihosting
    usart.o(.data) refers (Special) to use_no_semi_2.o(.text) for __use_no_semihosting
    led.o(.text) refers to stm32f4xx_rcc.o(.text) for RCC_AHB1PeriphClockCmd
    led.o(.text) refers to stm32f4xx_gpio.o(.text) for GPIO_Init
    rs485.o(.text) refers to stm32f4xx_rcc.o(.text) for RCC_AHB1PeriphClockCmd
    rs485.o(.text) refers to stm32f4xx_gpio.o(.text) for GPIO_PinAFConfig
    rs485.o(.text) refers to stm32f4xx_usart.o(.text) for USART_Init
    rs485.o(.text) refers to misc.o(.text) for NVIC_Init
    rs485.o(.text) refers to os_core.o(.text) for OSIntEnter
    rs485.o(.text) refers to os_sem.o(.text) for OSSemPost
    rs485.o(.text) refers to stm32f4xx_tim.o(.text) for TIM_TimeBaseInit
    rs485.o(.text) refers to rs485.o(.bss) for uart2rx
    rs485.o(.text) refers to rs485.o(.data) for sem_rs485_tx
[...]
    ../clib/libinit.s                        0x00000000   Number         0  libshutdown.o ABSOLUTE
    ../clib/libinit.s                        0x00000000   Number         0  libshutdown2.o ABSOLUTE
    ../clib/libinit.s                        0x00000000   Number         0  libinit2.o ABSOLUTE
    ../clib/libinit.s                        0x00000000   Number         0  libinit.o ABSOLUTE
    ../clib/signal.c                         0x00000000   Number         0  defsig_rtmem_inner.o ABSOLUTE
    ../clib/signal.c                         0x00000000   Number         0  defsig_other.o ABSOLUTE
    ../clib/signal.c                         0x00000000   Number         0  defsig_fpe_inner.o ABSOLUTE
    ../clib/signal.c                         0x00000000   Number         0  defsig_abrt_inner.o ABSOLUTE
    ../clib/signal.c                         0x00000000   Number         0  defsig_segv_inner.o ABSOLUTE
    ../clib/signal.c                         0x00000000   Number         0  defsig_cppl_inner.o ABSOLUTE
    ../clib/signal.c                         0x00000000   Number         0  defsig_pvfn_inner.o ABSOLUTE
    ../clib/signal.c                         0x00000000   Number         0  defsig_rtmem_formal.o ABSOLUTE
    ../clib/signal.c                         0x00000000   Number         0  defsig_general.o ABSOLUTE
    ../clib/signal.c                         0x00000000   Number         0  defsig_rtmem_outer.o ABSOLUTE
    ../clib/signal.c                         0x00000000   Number         0  __raise.o ABSOLUTE
    ../clib/signal.c                         0x00000000   Number         0  defsig_exit.o ABSOLUTE
    ../clib/signal.c                         0x00000000   Number         0  defsig_rtred_inner.o ABSOLUTE
    ../clib/signal.c                         0x00000000   Number         0  defsig_stak_inner.o ABSOLUTE
    ../clib/signal.s                         0x00000000   Number         0  defsig.o ABSOLUTE
    ../clib/stdlib.c                         0x00000000   Number         0  exit.o ABSOLUTE
    ../fplib/fpinit.s                        0x00000000   Number         0  fpinit.o ABSOLUTE
    ..\CORE\startup_stm32f40_41xxx.s         0x00000000   Number         0  startup_stm32f40_41xxx.o ABSOLUTE
    ..\FWLIB\src\misc.c                      0x00000000   Number         0  misc.o ABSOLUTE
    ..\FWLIB\src\stm32f4xx_can.c             0x00000000   Number         0  stm32f4xx_can.o ABSOLUTE
    ..\FWLIB\src\stm32f4xx_gpio.c            0x00000000   Number         0  stm32f4xx_gpio.o ABSOLUTE
    ..\FWLIB\src\stm32f4xx_rcc.c             0x00000000   Number         0  stm32f4xx_rcc.o ABSOLUTE
    ..\FWLIB\src\stm32f4xx_syscfg.c          0x00000000   Number         0  stm32f4xx_syscfg.o ABSOLUTE
    ..\FWLIB\src\stm32f4xx_tim.c             0x00000000   Number         0  stm32f4xx_tim.o ABSOLUTE
    ..\FWLIB\src\stm32f4xx_usart.c           0x00000000   Number         0  stm32f4xx_usart.o ABSOLUTE
    ..\HARDWARE\CAN\can.c                    0x00000000   Number         0  can.o ABSOLUTE
    ..\HARDWARE\LED\led.c                    0x00000000   Number         0  led.o ABSOLUTE
    ..\HARDWARE\MOTOR\motor.c                0x00000000   Number         0  motor.o ABSOLUTE
    ..\HARDWARE\RS485\rs485.c                0x00000000   Number         0  rs485.o ABSOLUTE
    ..\SYSTEM\delay\delay.c                  0x00000000   Number         0  delay.o ABSOLUTE
    ..\SYSTEM\sys\sys.c                      0x00000000   Number         0  sys.o ABSOLUTE
    ..\SYSTEM\usart\usart.c                  0x00000000   Number         0  usart.o ABSOLUTE
    ..\UCOSII\CORE\os_core.c                 0x00000000   Number         0  os_core.o ABSOLUTE
    ..\UCOSII\CORE\os_flag.c                 0x00000000   Number         0  os_flag.o ABSOLUTE
    ..\UCOSII\CORE\os_mbox.c                 0x00000000   Number         0  os_mbox.o ABSOLUTE
    ..\UCOSII\CORE\os_mem.c                  0x00000000   Number         0  os_mem.o ABSOLUTE
    ..\UCOSII\CORE\os_mutex.c                0x00000000   Number         0  os_mutex.o ABSOLUTE
    ..\UCOSII\CORE\os_q.c                    0x00000000   Number         0  os_q.o ABSOLUTE
    ..\UCOSII\CORE\os_sem.c                  0x00000000   Number         0  os_sem.o ABSOLUTE
    ..\UCOSII\CORE\os_task.c                 0x00000000   Number         0  os_task.o ABSOLUTE
    ..\UCOSII\CORE\os_time.c                 0x00000000   Number         0  os_time.o ABSOLUTE
    ..\UCOSII\CORE\os_tmr.c                  0x00000000   Number         0  os_tmr.o ABSOLUTE
    ..\UCOSII\PORT\os_cpu_a.asm              0x00000000   Number         0  os_cpu_a.o ABSOLUTE
    ..\UCOSII\PORT\os_cpu_c.c                0x00000000   Number         0  os_cpu_c.o ABSOLUTE
    ..\\FWLIB\\src\\misc.c                   0x00000000   Number         0  misc.o ABSOLUTE
    ..\\FWLIB\\src\\stm32f4xx_can.c          0x00000000   Number         0  stm32f4xx_can.o ABSOLUTE
    ..\\FWLIB\\src\\stm32f4xx_gpio.c         0x00000000   Number         0  stm32f4xx_gpio.o ABSOLUTE
    ..\\FWLIB\\src\\stm32f4xx_rcc.c          0x00000000   Number         0  stm32f4xx_rcc.o ABSOLUTE
    ..\\FWLIB\\src\\stm32f4xx_syscfg.c       0x00000000   Number         0  stm32f4xx_syscfg.o ABSOLUTE
    ..\\FWLIB\\src\\stm32f4xx_tim.c          0x00000000   Number         0  stm32f4xx_tim.o ABSOLUTE
    ..\\FWLIB\\src\\stm32f4xx_usart.c        0x00000000   Number         0  stm32f4xx_usart.o ABSOLUTE
    ..\\HARDWARE\\CAN\\can.c                 0x00000000   Number         0  can.o ABSOLUTE
    ..\\HARDWARE\\LED\\led.c                 0x00000000   Number         0  led.o ABSOLUTE
    ..\\HARDWARE\\MOTOR\\motor.c             0x00000000   Number         0  motor.o ABSOLUTE
    ..\\HARDWARE\\RS485\\rs485.c             0x00000000   Number         0  rs485.o ABSOLUTE
    ..\\SYSTEM\\delay\\delay.c               0x00000000   Number         0  delay.o ABSOLUTE
    ..\\SYSTEM\\sys\\sys.c                   0x00000000   Number         0  sys.o ABSOLUTE
    ..\\SYSTEM\\usart\\usart.c               0x00000000   Number         0  usart.o ABSOLUTE
    ..\\UCOSII\\CORE\\os_core.c              0x00000000   Number         0  os_core.o ABSOLUTE
    ..\\UCOSII\\CORE\\os_flag.c              0x00000000   Number         0  os_flag.o ABSOLUTE
    ..\\UCOSII\\CORE\\os_mbox.c              0x00000000   Number         0  os_mbox.o ABSOLUTE
    ..\\UCOSII\\CORE\\os_mem.c               0x00000000   Number         0  os_mem.o ABSOLUTE
    ..\\UCOSII\\CORE\\os_mutex.c             0x00000000   Number         0  os_mutex.o ABSOLUTE
    ..\\UCOSII\\CORE\\os_q.c                 0x00000000   Number         0  os_q.o ABSOLUTE
    ..\\UCOSII\\CORE\\os_sem.c               0x00000000   Number         0  os_sem.o ABSOLUTE
    ..\\UCOSII\\CORE\\os_task.c              0x00000000   Number         0  os_task.o ABSOLUTE
    ..\\UCOSII\\CORE\\os_time.c              0x00000000   Number         0  os_time.o ABSOLUTE
    ..\\UCOSII\\CORE\\os_tmr.c               0x00000000   Number         0  os_tmr.o ABSOLUTE
    ..\\UCOSII\\PORT\\os_cpu_c.c             0x00000000   Number         0  os_cpu_c.o ABSOLUTE
    dc.s                                     0x00000000   Number         0  dc.o ABSOLUTE
    glb_reg.c                                0x00000000   Number         0  glb_reg.o ABSOLUTE
    glb_reg.c                                0x00000000   Number         0  glb_reg.o ABSOLUTE
    main.c                                   0x00000000   Number         0  main.o ABSOLUTE
    main.c                                   0x00000000   Number         0  main.o ABSOLUTE
    stm32f4xx_it.c                           0x00000000   Number         0  stm32f4xx_it.o ABSOLUTE
    stm32f4xx_it.c                           0x00000000   Number         0  stm32f4xx_it.o ABSOLUTE
    system_stm32f4xx.c                       0x00000000   Number         0  system_stm32f4xx.o ABSOLUTE
    system_stm32f4xx.c                       0x00000000   Number         0  system_stm32f4xx.o ABSOLUTE
    RESET                                    0x08000000   Section      392  startup_stm32f40_41xxx.o(RESET)
    !!!main                                  0x08000188   Section        8  __main.o(!!!main)
    !!!scatter                               0x08000190   Section       52  __scatter.o(!!!scatter)
    !!handler_copy                           0x080001c4   Section       26  __scatter_copy.o(!!handler_copy)
    !!handler_zi                             0x080001e0   Section       28  __scatter_zi.o(!!handler_zi)
    .ARM.Collect$$libinit$$00000000          0x080001fc   Section        2  libinit.o(.ARM.Collect$$libinit$$00000000)
    .ARM.Collect$$libinit$$00000001          0x080001fe   Section        4  libinit2.o(.ARM.Collect$$libinit$$00000001)
    .ARM.Collect$$libinit$$00000008          0x08000202   Section        0  libinit2.o(.ARM.Collect$$libinit$$00000008)
    .ARM.Collect$$libinit$$0000000A          0x08000202   Section        0  libinit2.o(.ARM.Collect$$libinit$$0000000A)
    .ARM.Collect$$libinit$$0000000C          0x08000202   Section        0  libinit2.o(.ARM.Collect$$libinit$$0000000C)
    .ARM.Collect$$libinit$$0000000F          0x08000202   Section        0  libinit2.o(.ARM.Collect$$libinit$$0000000F)
    .ARM.Collect$$libinit$$00000011          0x08000202   Section        0  libinit2.o(.ARM.Collect$$libinit$$00000011)
    .ARM.Collect$$libinit$$00000013          0x08000202   Section        0  libinit2.o(.ARM.Collect$$libinit$$00000013)
    .ARM.Collect$$libinit$$00000015          0x08000202   Section        0  libinit2.o(.ARM.Collect$$libinit$$00000015)
    .ARM.Collect$$libinit$$00000017          0x08000202   Section        0  libinit2.o(.ARM.Collect$$libinit$$00000017)
    .ARM.Collect$$libinit$$00000019          0x08000202   Section        0  libinit2.o(.ARM.Collect$$libinit$$00000019)
    .ARM.Collect$$libinit$$0000001B          0x08000202   Section        0  libinit2.o(.ARM.Collect$$libinit$$0000001B)
    .ARM.Collect$$libinit$$0000001D          0x08000202   Section        0  libinit2.o(.ARM.Collect$$libinit$$0000001D)
    .ARM.Collect$$libinit$$0000001F          0x08000202   Section        0  libinit2.o(.ARM.Collect$$libinit$$0000001F)
    .ARM.Collect$$libinit$$00000021          0x08000202   Section        0  libinit2.o(.ARM.Collect$$libinit$$00000021)
    .ARM.Collect$$libinit$$00000023          0x08000202   Section        0  libinit2.o(.ARM.Collect$$libinit$$00000023)
    .ARM.Collect$$libinit$$0000002A          0x08000202   Section        0  libinit2.o(.ARM.Collect$$libinit$$0000002A)
    .ARM.Collect$$libinit$$0000002C          0x08000202   Section        0  libinit2.o(.ARM.Collect$$libinit$$0000002C)
    .ARM.Collect$$libinit$$0000002E          0x08000202   Section        0  libinit2.o(.ARM.Collect$$libinit$$0000002E)
    .ARM.Collect$$libinit$$00000030          0x08000202   Section        0  libinit2.o(.ARM.Collect$$libinit$$00000030)
    .ARM.Collect$$libinit$$00000031          0x08000202   Section        2  libinit2.o(.ARM.Collect$$libinit$$00000031)
    .ARM.Collect$$libshutdown$$00000000      0x08000204   Section        2  libshutdown.o(.ARM.Collect$$libshutdown$$00000000)
    .ARM.Collect$$libshutdown$$00000003      0x08000206   Section        0  libshutdown2.o(.ARM.Collect$$libshutdown$$00000003)
    .ARM.Collect$$libshutdown$$00000006      0x08000206   Section        0  libshutdown2.o(.ARM.Collect$$libshutdown$$00000006)
    .ARM.Collect$$libshutdown$$00000009      0x08000206   Section        0  libshutdown2.o(.ARM.Collect$$libshutdown$$00000009)
    .ARM.Collect$$libshutdown$$0000000B      0x08000206   Section        0  libshutdown2.o(.ARM.Collect$$libshutdown$$0000000B)
    .ARM.Collect$$libshutdown$$0000000E      0x08000206   Section        0  libshutdown2.o(.ARM.Collect$$libshutdown$$0000000E)
    .ARM.Collect$$libshutdown$$0000000F      0x08000206   Section        2  libshutdown2.o(.ARM.Collect$$libshutdown$$0000000F)
    .ARM.Collect$$rtentry$$00000000          0x08000208   Section        0  rtentry.o(.ARM.Collect$$rtentry$$00000000)
    .ARM.Collect$$rtentry$$00000002          0x08000208   Section        0  rtentry2.o(.ARM.Collect$$rtentry$$00000002)
    .ARM.Collect$$rtentry$$00000004          0x08000208   Section        6  rtentry4.o(.ARM.Collect$$rtentry$$00000004)
    .ARM.Collect$$rtentry$$00000009          0x0800020e   Section        0  rtentry2.o(.ARM.Collect$$rtentry$$00000009)
    .ARM.Collect$$rtentry$$0000000A          0x0800020e   Section        4  rtentry2.o(.ARM.Collect$$rtentry$$0000000A)
    .ARM.Collect$$rtentry$$0000000C          0x08000212   Section        0  rtentry2.o(.ARM.Collect$$rtentry$$0000000C)
    .ARM.Collect$$rtentry$$0000000D          0x08000212   Section        8  rtentry2.o(.ARM.Collect$$rtentry$$0000000D)
    .ARM.Collect$$rtexit$$00000000           0x0800021a   Section        2  rtexit.o(.ARM.Collect$$rtexit$$00000000)
    .ARM.Collect$$rtexit$$00000002           0x0800021c   Section        0  rtexit2.o(.ARM.Collect$$rtexit$$00000002)
    .ARM.Collect$$rtexit$$00000003           0x0800021c   Section        4  rtexit2.o(.ARM.Collect$$rtexit$$00000003)
    .ARM.Collect$$rtexit$$00000004           0x08000220   Section        6  rtexit2.o(.ARM.Collect$$rtexit$$00000004)
    .text                                    0x08000228   Section        0  main.o(.text)
    .text                                    0x0800040c   Section        0  stm32f4xx_it.o(.text)
    .text                                    0x08000424   Section        0  system_stm32f4xx.o(.text)
    SetSysClock                              0x08000425   Thumb Code   220  system_stm32f4xx.o(.text)
    .text                                    0x08000634   Section       64  startup_stm32f40_41xxx.o(.text)
    $v0                                      0x08000634   Number         0  startup_stm32f40_41xxx.o(.text)
    .text                                    0x08000674   Section        0  misc.o(.text)
    .text                                    0x08000754   Section        0  stm32f4xx_gpio.o(.text)
    .text                                    0x080009e8   Section        0  stm32f4xx_rcc.o(.text)
    .text                                    0x08001044   Section        0  stm32f4xx_usart.o(.text)
    .text                                    0x08001498   Section        0  stm32f4xx_tim.o(.text)
    TI4_Config                               0x08001c37   Thumb Code    80  stm32f4xx_tim.o(.text)
    TI3_Config                               0x08001c99   Thumb Code    72  stm32f4xx_tim.o(.text)
    TI2_Config                               0x08001cfb   Thumb Code    90  stm32f4xx_tim.o(.text)
    TI1_Config                               0x08001d67   Thumb Code    58  stm32f4xx_tim.o(.text)
    .text                                    0x0800213c   Section        0  stm32f4xx_can.o(.text)
    CheckITStatus                            0x0800293f   Thumb Code    18  stm32f4xx_can.o(.text)
    .text                                    0x08002b2c   Section        0  delay.o(.text)
    .text                                    0x08002c54   Section        0  usart.o(.text)
    .text                                    0x08002da8   Section        0  led.o(.text)
    .text                                    0x08002de4   Section        0  rs485.o(.text)
    .text                                    0x080034bc   Section        0  can.o(.text)
    .text                                    0x08003638   Section        0  motor.o(.text)
    .text                                    0x08003998   Section        0  os_core.o(.text)
    OS_InitTaskStat                          0x08003a43   Thumb Code    52  os_core.o(.text)
    OS_InitTaskIdle                          0x08003a99   Thumb Code    52  os_core.o(.text)
    OS_InitEventList                         0x08003adf   Thumb Code    74  os_core.o(.text)
    OS_InitTCBList                           0x08003b29   Thumb Code   106  os_core.o(.text)
    OS_InitRdyList                           0x08003b93   Thumb Code    44  os_core.o(.text)
    OS_InitMisc                              0x08003bbf   Thumb Code    44  os_core.o(.text)
    OS_SchedNew                              0x08003c33   Thumb Code    26  os_core.o(.text)
    .text                                    0x08004228   Section        0  os_flag.o(.text)
    OS_FlagTaskRdy                           0x0800439f   Thumb Code    82  os_flag.o(.text)
    OS_FlagBlock                             0x08004559   Thumb Code   152  os_flag.o(.text)
    .text                                    0x08004a34   Section        0  os_q.o(.text)
    .text                                    0x0800501c   Section        0  os_sem.o(.text)
    .text                                    0x080053a8   Section        0  os_task.o(.text)
    .text                                    0x08005b6c   Section        0  os_time.o(.text)
    .text                                    0x08005d1c   Section      200  os_cpu_a.o(.text)
    $v0                                      0x08005d1c   Number         0  os_cpu_a.o(.text)
    .text                                    0x08005de4   Section        0  os_cpu_c.o(.text)
    .text                                    0x08005fa8   Section        2  use_no_semi_2.o(.text)
    .text                                    0x08005faa   Section        0  heapauxi.o(.text)
    .text                                    0x08005fb0   Section        2  use_no_semi.o(.text)
    .text                                    0x08005fb2   Section       74  sys_stackheap_outer.o(.text)
    .text                                    0x08005ffc   Section        0  exit.o(.text)
    .text                                    0x08006008   Section        8  libspace.o(.text)
    x$fpl$fpinit                             0x08006010   Section       10  fpinit.o(x$fpl$fpinit)
    $v0                                      0x08006010   Number         0  fpinit.o(x$fpl$fpinit)
    .constdata                               0x0800601a   Section      512  rs485.o(.constdata)
    auchCRCHi                                0x0800601a   Data         256  rs485.o(.constdata)
    auchCRCLo                                0x0800611a   Data         256  rs485.o(.constdata)
    .constdata                               0x0800621a   Section      256  os_core.o(.constdata)
    .data                                    0x20000000   Section       12  main.o(.data)
    .data                                    0x2000000c   Section       20  system_stm32f4xx.o(.data)
    .data                                    0x20000020   Section        4  glb_reg.o(.data)
    .data                                    0x20000024   Section       16  stm32f4xx_rcc.o(.data)
    APBAHBPrescTable                         0x20000024   Data          16  stm32f4xx_rcc.o(.data)
    .data                                    0x20000034   Section        4  delay.o(.data)
    fac_us                                   0x20000034   Data           1  delay.o(.data)
    fac_ms                                   0x20000036   Data           2  delay.o(.data)
    .data                                    0x20000038   Section        6  usart.o(.data)
    .data                                    0x20000040   Section        9  rs485.o(.data)
    .data                                    0x2000004a   Section        4  motor.o(.data)
    .data                                    0x20000050   Section       72  os_core.o(.data)
    .bss                                     0x20000098   Section     2560  main.o(.bss)
    .bss                                     0x20000a98   Section     2048  glb_reg.o(.bss)
    .bss                                     0x20001298   Section      200  usart.o(.bss)
    .bss                                     0x20001360   Section      526  rs485.o(.bss)
    .bss                                     0x20001570   Section     2688  os_core.o(.bss)
    .bss                                     0x20001ff0   Section       96  libspace.o(.bss)
    HEAP                                     0x20002050   Section      512  startup_stm32f40_41xxx.o(HEAP)
    Heap_Mem                                 0x20002050   Data         512  startup_stm32f40_41xxx.o(HEAP)
    STACK                                    0x20002250   Section     1024  startup_stm32f40_41xxx.o(STACK)
    Stack_Mem                                0x20002250   Data        1024  startup_stm32f40_41xxx.o(STACK)
    __initial_sp                             0x20002650   Data           0  startup_stm32f40_41xxx.o(STACK)

    Global Symbols

    Symbol Name                              Value     Ov Type        Size  Object(Section)

    BuildAttributes$$THM_ISAv4$E$P$D$K$B$S$7EM$VFPi3$EXTD16$VFPS$VFMA$PE$A:L22UL41UL21$X:L11$S22US41US21$IEEE1$IW$USESV6$~STKCKD$USESV7$~SHL$OSPACE$ROPI$EBA8$UX$STANDARDLIB$REQ8$PRES8$EABIv2 0x00000000   Number         0  anon$$obj.o ABSOLUTE
    __ARM_use_no_argv                        0x00000000   Number         0  main.o ABSOLUTE
    __ARM_exceptions_init                     - Undefined Weak Reference
    __alloca_initialize                       - Undefined Weak Reference
    __cpp_initialize__aeabi_                  - Undefined Weak Reference
    __cxa_finalize                            - Undefined Weak Reference
    __rt_locale                               - Undefined Weak Reference
    __sigvec_lookup                           - Undefined Weak Reference
    _atexit_init                              - Undefined Weak Reference
    _call_atexit_fns                          - Undefined Weak Reference
    _clock_init                               - Undefined Weak Reference
    _fp_trap_init                             - Undefined Weak Reference
    _fp_trap_shutdown                         - Undefined Weak Reference
    _get_lc_collate                           - Undefined Weak Reference
    _get_lc_ctype                             - Undefined Weak Reference
    _get_lc_monetary                          - Undefined Weak Reference
    _get_lc_numeric                           - Undefined Weak Reference
    _get_lc_time                              - Undefined Weak Reference
    _getenv_init                              - Undefined Weak Reference
    _handle_redirection                       - Undefined Weak Reference
    _init_alloc                               - Undefined Weak Reference
    _init_user_alloc                          - Undefined Weak Reference
    _initio                                   - Undefined Weak Reference
    _rand_init                                - Undefined Weak Reference
    _signal_finish                            - Undefined Weak Reference
    _signal_init                              - Undefined Weak Reference
    _terminate_alloc                          - Undefined Weak Reference
    _terminate_user_alloc                     - Undefined Weak Reference
    _terminateio                              - Undefined Weak Reference
    __Vectors_Size                           0x00000188   Number         0  startup_stm32f40_41xxx.o ABSOLUTE
    __Vectors                                0x08000000   Data           4  startup_stm32f40_41xxx.o(RESET)
    __Vectors_End                            0x08000188   Data           0  startup_stm32f40_41xxx.o(RESET)
    __main                                   0x08000189   Thumb Code     8  __main.o(!!!main)
    __scatterload                            0x08000191   Thumb Code     0  __scatter.o(!!!scatter)
    __scatterload_rt2                        0x08000191   Thumb Code    44  __scatter.o(!!!scatter)
    __scatterload_rt2_thumb_only             0x08000191   Thumb Code     0  __scatter.o(!!!scatter)
    __scatterload_null                       0x0800019f   Thumb Code     0  __scatter.o(!!!scatter)
    __scatterload_copy                       0x080001c5   Thumb Code    26  __scatter_copy.o(!!handler_copy)
    __scatterload_zeroinit                   0x080001e1   Thumb Code    28  __scatter_zi.o(!!handler_zi)
    __rt_lib_init                            0x080001fd   Thumb Code     0  libinit.o(.ARM.Collect$$libinit$$00000000)
    __rt_lib_init_fp_1                       0x080001ff   Thumb Code     0  libinit2.o(.ARM.Collect$$libinit$$00000001)
    __rt_lib_init_alloca_1                   0x08000203   Thumb Code     0  libinit2.o(.ARM.Collect$$libinit$$0000002C)
    __rt_lib_init_argv_1                     0x08000203   Thumb Code     0  libinit2.o(.ARM.Collect$$libinit$$0000002A)
    __rt_lib_init_atexit_1                   0x08000203   Thumb Code     0  libinit2.o(.ARM.Collect$$libinit$$00000019)
    __rt_lib_init_clock_1                    0x08000203   Thumb Code     0  libinit2.o(.ARM.Collect$$libinit$$0000001F)
    __rt_lib_init_cpp_1                      0x08000203   Thumb Code     0  libinit2.o(.ARM.Collect$$libinit$$00000030)
    __rt_lib_init_exceptions_1               0x08000203   Thumb Code     0  libinit2.o(.ARM.Collect$$libinit$$0000002E)
    __rt_lib_init_fp_trap_1                  0x08000203   Thumb Code     0  libinit2.o(.ARM.Collect$$libinit$$0000001D)
    __rt_lib_init_getenv_1                   0x08000203   Thumb Code     0  libinit2.o(.ARM.Collect$$libinit$$00000021)
    __rt_lib_init_heap_1                     0x08000203   Thumb Code     0  libinit2.o(.ARM.Collect$$libinit$$00000008)
    __rt_lib_init_lc_collate_1               0x08000203   Thumb Code     0  libinit2.o(.ARM.Collect$$libinit$$0000000F)
    __rt_lib_init_lc_ctype_1                 0x08000203   Thumb Code     0  libinit2.o(.ARM.Collect$$libinit$$00000011)
    __rt_lib_init_lc_monetary_1              0x08000203   Thumb Code     0  libinit2.o(.ARM.Collect$$libinit$$00000013)
    __rt_lib_init_lc_numeric_1               0x08000203   Thumb Code     0  libinit2.o(.ARM.Collect$$libinit$$00000015)
    __rt_lib_init_lc_time_1                  0x08000203   Thumb Code     0  libinit2.o(.ARM.Collect$$libinit$$00000017)
    __rt_lib_init_rand_1                     0x08000203   Thumb Code     0  libinit2.o(.ARM.Collect$$libinit$$0000000C)
    __rt_lib_init_return                     0x08000203   Thumb Code     0  libinit2.o(.ARM.Collect$$libinit$$00000031)
    __rt_lib_init_signal_1                   0x08000203   Thumb Code     0  libinit2.o(.ARM.Collect$$libinit$$0000001B)
    __rt_lib_init_stdio_1                    0x08000203   Thumb Code     0  libinit2.o(.ARM.Collect$$libinit$$00000023)
    __rt_lib_init_user_alloc_1               0x08000203   Thumb Code     0  libinit2.o(.ARM.Collect$$libinit$$0000000A)
    __rt_lib_shutdown                        0x08000205   Thumb Code     0  libshutdown.o(.ARM.Collect$$libshutdown$$00000000)
    __rt_lib_shutdown_fp_trap_1              0x08000207   Thumb Code     0  libshutdown2.o(.ARM.Collect$$libshutdown$$00000006)
    __rt_lib_shutdown_heap_1                 0x08000207   Thumb Code     0  libshutdown2.o(.ARM.Collect$$libshutdown$$0000000E)
    __rt_lib_shutdown_return                 0x08000207   Thumb Code     0  libshutdown2.o(.ARM.Collect$$libshutdown$$0000000F)
    __rt_lib_shutdown_signal_1               0x08000207   Thumb Code     0  libshutdown2.o(.ARM.Collect$$libshutdown$$00000009)
    __rt_lib_shutdown_stdio_1                0x08000207   Thumb Code     0  libshutdown2.o(.ARM.Collect$$libshutdown$$00000003)
    __rt_lib_shutdown_user_alloc_1           0x08000207   Thumb Code     0  libshutdown2.o(.ARM.Collect$$libshutdown$$0000000B)
    __rt_entry                               0x08000209   Thumb Code     0  rtentry.o(.ARM.Collect$$rtentry$$00000000)
    __rt_entry_presh_1                       0x08000209   Thumb Code     0  rtentry2.o(.ARM.Collect$$rtentry$$00000002)
    __rt_entry_sh                            0x08000209   Thumb Code     0  rtentry4.o(.ARM.Collect$$rtentry$$00000004)
    __rt_entry_li                            0x0800020f   Thumb Code     0  rtentry2.o(.ARM.Collect$$rtentry$$0000000A)
    __rt_entry_postsh_1                      0x0800020f   Thumb Code     0  rtentry2.o(.ARM.Collect$$rtentry$$00000009)
    __rt_entry_main                          0x08000213   Thumb Code     0  rtentry2.o(.ARM.Collect$$rtentry$$0000000D)
    __rt_entry_postli_1                      0x08000213   Thumb Code     0  rtentry2.o(.ARM.Collect$$rtentry$$0000000C)
    __rt_exit                                0x0800021b   Thumb Code     0  rtexit.o(.ARM.Collect$$rtexit$$00000000)
    __rt_exit_ls                             0x0800021d   Thumb Code     0  rtexit2.o(.ARM.Collect$$rtexit$$00000003)
    __rt_exit_prels_1                        0x0800021d   Thumb Code     0  rtexit2.o(.ARM.Collect$$rtexit$$00000002)
    __rt_exit_exit                           0x08000221   Thumb Code     0  rtexit2.o(.ARM.Collect$$rtexit$$00000004)
    CAN_task                                 0x08000229   Thumb Code   182  main.o(.text)
    PcCom_task                               0x080002df   Thumb Code    12  main.o(.text)
    led_task                                 0x080002eb   Thumb Code   102  main.o(.text)
    start_task                               0x08000351   Thumb Code    74  main.o(.text)
    main                                     0x0800039b   Thumb Code    68  main.o(.text)
    NMI_Handler                              0x0800040d   Thumb Code     2  stm32f4xx_it.o(.text)
    HardFault_Handler                        0x0800040f   Thumb Code     4  stm32f4xx_it.o(.text)
    MemManage_Handler                        0x08000413   Thumb Code     4  stm32f4xx_it.o(.text)
    BusFault_Handler                         0x08000417   Thumb Code     4  stm32f4xx_it.o(.text)
    UsageFault_Handler                       0x0800041b   Thumb Code     4  stm32f4xx_it.o(.text)
    SVC_Handler                              0x0800041f   Thumb Code     2  stm32f4xx_it.o(.text)
    DebugMon_Handler                         0x08000421   Thumb Code     2  stm32f4xx_it.o(.text)
    SystemInit                               0x08000501   Thumb Code    88  system_stm32f4xx.o(.text)
    SystemCoreClockUpdate                    0x08000559   Thumb Code   174  system_stm32f4xx.o(.text)
    Reset_Handler                            0x08000635   Thumb Code     8  startup_stm32f40_41xxx.o(.text)
    ADC_IRQHandler                           0x0800064f   Thumb Code     0  startup_stm32f40_41xxx.o(.text)
    CAN1_RX0_IRQHandler                      0x0800064f   Thumb Code     0  startup_stm32f40_41xxx.o(.text)
    CAN1_RX1_IRQHandler                      0x0800064f   Thumb Code     0  startup_stm32f40_41xxx.o(.text)
    CAN1_SCE_IRQHandler                      0x0800064f   Thumb Code     0  startup_stm32f40_41xxx.o(.text)
    CAN1_TX_IRQHandler                       0x0800064f   Thumb Code     0  startup_stm32f40_41xxx.o(.text)
    CAN2_RX0_IRQHandler                      0x0800064f   Thumb Code     0  startup_stm32f40_41xxx.o(.text)
    CAN2_RX1_IRQHandler                      0x0800064f   Thumb Code     0  startup_stm32f40_41xxx.o(.text)
    CAN2_SCE_IRQHandler                      0x0800064f   Thumb Code     0  startup_stm32f40_41xxx.o(.text)
    CAN2_TX_IRQHandler                       0x0800064f   Thumb Code     0  startup_stm32f40_41xxx.o(.text)
    CRYP_IRQHandler                          0x0800064f   Thumb Code     0  startup_stm32f40_41xxx.o(.text)
    DCMI_IRQHandler                          0x0800064f   Thumb Code     0  startup_stm32f40_41xxx.o(.text)
    DMA1_Stream0_IRQHandler                  0x0800064f   Thumb Code     0  startup_stm32f40_41xxx.o(.text)
    DMA1_Stream1_IRQHandler                  0x0800064f   Thumb Code     0  startup_stm32f40_41xxx.o(.text)
    DMA1_Stream2_IRQHandler                  0x0800064f   Thumb Code     0  startup_stm32f40_41xxx.o(.text)
    DMA1_Stream3_IRQHandler                  0x0800064f   Thumb Code     0  startup_stm32f40_41xxx.o(.text)
    DMA1_Stream4_IRQHandler                  0x0800064f   Thumb Code     0  startup_stm32f40_41xxx.o(.text)
    DMA1_Stream5_IRQHandler                  0x0800064f   Thumb Code     0  startup_stm32f40_41xxx.o(.text)
    DMA1_Stream6_IRQHandler                  0x0800064f   Thumb Code     0  startup_stm32f40_41xxx.o(.text)
    DMA1_Stream7_IRQHandler                  0x0800064f   Thumb Code     0  startup_stm32f40_41xxx.o(.text)
    DMA2_Stream0_IRQHandler                  0x0800064f   Thumb Code     0  startup_stm32f40_41xxx.o(.text)
    DMA2_Stream1_IRQHandler                  0x0800064f   Thumb Code     0  startup_stm32f40_41xxx.o(.text)
    DMA2_Stream2_IRQHandler                  0x0800064f   Thumb Code     0  startup_stm32f40_41xxx.o(.text)
    DMA2_Stream3_IRQHandler                  0x0800064f   Thumb Code     0  startup_stm32f40_41xxx.o(.text)
    DMA2_Stream4_IRQHandler                  0x0800064f   Thumb Code     0  startup_stm32f40_41xxx.o(.text)
    DMA2_Stream5_IRQHandler                  0x0800064f   Thumb Code     0  startup_stm32f40_41xxx.o(.text)
    DMA2_Stream6_IRQHandler                  0x0800064f   Thumb Code     0  startup_stm32f40_41xxx.o(.text)
    DMA2_Stream7_IRQHandler                  0x0800064f   Thumb Code     0  startup_stm32f40_41xxx.o(.text)
    ETH_IRQHandler                           0x0800064f   Thumb Code     0  startup_stm32f40_41xxx.o(.text)
    ETH_WKUP_IRQHandler                      0x0800064f   Thumb Code     0  startup_stm32f40_41xxx.o(.text)
    EXTI0_IRQHandler                         0x0800064f   Thumb Code     0  startup_stm32f40_41xxx.o(.text)
    EXTI15_10_IRQHandler                     0x0800064f   Thumb Code     0  startup_stm32f40_41xxx.o(.text)
    EXTI1_IRQHandler                         0x0800064f   Thumb Code     0  startup_stm32f40_41xxx.o(.text)
    EXTI2_IRQHandler                         0x0800064f   Thumb Code     0  startup_stm32f40_41xxx.o(.text)
    EXTI3_IRQHandler                         0x0800064f   Thumb Code     0  startup_stm32f40_41xxx.o(.text)
    EXTI4_IRQHandler                         0x0800064f   Thumb Code     0  startup_stm32f40_41xxx.o(.text)
    EXTI9_5_IRQHandler                       0x0800064f   Thumb Code     0  startup_stm32f40_41xxx.o(.text)
    FLASH_IRQHandler                         0x0800064f   Thumb Code     0  startup_stm32f40_41xxx.o(.text)
    FPU_IRQHandler                           0x0800064f   Thumb Code     0  startup_stm32f40_41xxx.o(.text)
    FSMC_IRQHandler                          0x0800064f   Thumb Code     0  startup_stm32f40_41xxx.o(.text)
    HASH_RNG_IRQHandler                      0x0800064f   Thumb Code     0  startup_stm32f40_41xxx.o(.text)
    I2C1_ER_IRQHandler                       0x0800064f   Thumb Code     0  startup_stm32f40_41xxx.o(.text)
    I2C1_EV_IRQHandler                       0x0800064f   Thumb Code     0  startup_stm32f40_41xxx.o(.text)
    I2C2_ER_IRQHandler                       0x0800064f   Thumb Code     0  startup_stm32f40_41xxx.o(.text)
    I2C2_EV_IRQHandler                       0x0800064f   Thumb Code     0  startup_stm32f40_41xxx.o(.text)
    I2C3_ER_IRQHandler                       0x0800064f   Thumb Code     0  startup_stm32f40_41xxx.o(.text)
    I2C3_EV_IRQHandler                       0x0800064f   Thumb Code     0  startup_stm32f40_41xxx.o(.text)
    OTG_FS_IRQHandler                        0x0800064f   Thumb Code     0  startup_stm32f40_41xxx.o(.text)
    OTG_FS_WKUP_IRQHandler                   0x0800064f   Thumb Code     0  startup_stm32f40_41xxx.o(.text)
    OTG_HS_EP1_IN_IRQHandler                 0x0800064f   Thumb Code     0  startup_stm32f40_41xxx.o(.text)
    OTG_HS_EP1_OUT_IRQHandler                0x0800064f   Thumb Code     0  startup_stm32f40_41xxx.o(.text)
    OTG_HS_IRQHandler                        0x0800064f   Thumb Code     0  startup_stm32f40_41xxx.o(.text)
    OTG_HS_WKUP_IRQHandler                   0x0800064f   Thumb Code     0  startup_stm32f40_41xxx.o(.text)
    PVD_IRQHandler                           0x0800064f   Thumb Code     0  startup_stm32f40_41xxx.o(.text)
    RCC_IRQHandler                           0x0800064f   Thumb Code     0  startup_stm32f40_41xxx.o(.text)
    RTC_Alarm_IRQHandler                     0x0800064f   Thumb Code     0  startup_stm32f40_41xxx.o(.text)
    RTC_WKUP_IRQHandler                      0x0800064f   Thumb Code     0  startup_stm32f40_41xxx.o(.text)
    SDIO_IRQHandler                          0x0800064f   Thumb Code     0  startup_stm32f40_41xxx.o(.text)
    SPI1_IRQHandler                          0x0800064f   Thumb Code     0  startup_stm32f40_41xxx.o(.text)
    SPI2_IRQHandler                          0x0800064f   Thumb Code     0  startup_stm32f40_41xxx.o(.text)
    SPI3_IRQHandler                          0x0800064f   Thumb Code     0  startup_stm32f40_41xxx.o(.text)
    TAMP_STAMP_IRQHandler                    0x0800064f   Thumb Code     0  startup_stm32f40_41xxx.o(.text)
    TIM1_BRK_TIM9_IRQHandler                 0x0800064f   Thumb Code     0  startup_stm32f40_41xxx.o(.text)
    TIM1_CC_IRQHandler                       0x0800064f   Thumb Code     0  startup_stm32f40_41xxx.o(.text)
    TIM1_TRG_COM_TIM11_IRQHandler            0x0800064f   Thumb Code     0  startup_stm32f40_41xxx.o(.text)
    TIM1_UP_TIM10_IRQHandler                 0x0800064f   Thumb Code     0  startup_stm32f40_41xxx.o(.text)
    TIM2_IRQHandler                          0x0800064f   Thumb Code     0  startup_stm32f40_41xxx.o(.text)
    TIM4_IRQHandler                          0x0800064f   Thumb Code     0  startup_stm32f40_41xxx.o(.text)
    TIM5_IRQHandler                          0x0800064f   Thumb Code     0  startup_stm32f40_41xxx.o(.text)
    TIM6_DAC_IRQHandler                      0x0800064f   Thumb Code     0  startup_stm32f40_41xxx.o(.text)
    TIM7_IRQHandler                          0x0800064f   Thumb Code     0  startup_stm32f40_41xxx.o(.text)
    TIM8_BRK_TIM12_IRQHandler                0x0800064f   Thumb Code     0  startup_stm32f40_41xxx.o(.text)
    TIM8_CC_IRQHandler                       0x0800064f   Thumb Code     0  startup_stm32f40_41xxx.o(.text)
    TIM8_TRG_COM_TIM14_IRQHandler            0x0800064f   Thumb Code     0  startup_stm32f40_41xxx.o(.text)
    TIM8_UP_TIM13_IRQHandler                 0x0800064f   Thumb Code     0  startup_stm32f40_41xxx.o(.text)
    UART4_IRQHandler                         0x0800064f   Thumb Code     0  startup_stm32f40_41xxx.o(.text)
    UART5_IRQHandler                         0x0800064f   Thumb Code     0  startup_stm32f40_41xxx.o(.text)
    USART2_IRQHandler                        0x0800064f   Thumb Code     0  startup_stm32f40_41xxx.o(.text)
    USART6_IRQHandler                        0x0800064f   Thumb Code     0  startup_stm32f40_41xxx.o(.text)
    WWDG_IRQHandler                          0x0800064f   Thumb Code     0  startup_stm32f40_41xxx.o(.text)
    __user_initial_stackheap                 0x08000651   Thumb Code     0  startup_stm32f40_41xxx.o(.text)
    NVIC_PriorityGroupConfig                 0x08000675   Thumb Code    10  misc.o(.text)
    NVIC_Init                                0x0800067f   Thumb Code   106  misc.o(.text)
    NVIC_SetVectorTable                      0x080006e9   Thumb Code    14  misc.o(.text)
    NVIC_SystemLPConfig                      0x080006f7   Thumb Code    34  misc.o(.text)
    SysTick_CLKSourceConfig                  0x08000719   Thumb Code    40  misc.o(.text)
    GPIO_DeInit                              0x08000755   Thumb Code   268  stm32f4xx_gpio.o(.text)
    GPIO_Init                                0x08000861   Thumb Code   144  stm32f4xx_gpio.o(.text)
    GPIO_StructInit                          0x080008f1   Thumb Code    18  stm32f4xx_gpio.o(.text)
    GPIO_PinLockConfig                       0x08000903   Thumb Code    34  stm32f4xx_gpio.o(.text)
    GPIO_ReadInputDataBit                    0x08000925   Thumb Code    18  stm32f4xx_gpio.o(.text)
    GPIO_ReadInputData                       0x08000937   Thumb Code     8  stm32f4xx_gpio.o(.text)
    GPIO_ReadOutputDataBit                   0x0800093f   Thumb Code    18  stm32f4xx_gpio.o(.text)
    GPIO_ReadOutputData                      0x08000951   Thumb Code     8  stm32f4xx_gpio.o(.text)
    GPIO_SetBits                             0x08000959   Thumb Code     4  stm32f4xx_gpio.o(.text)
    GPIO_ResetBits                           0x0800095d   Thumb Code     4  stm32f4xx_gpio.o(.text)
    GPIO_WriteBit                            0x08000961   Thumb Code    10  stm32f4xx_gpio.o(.text)
    GPIO_Write                               0x0800096b   Thumb Code     4  stm32f4xx_gpio.o(.text)
    GPIO_ToggleBits                          0x0800096f   Thumb Code     8  stm32f4xx_gpio.o(.text)
    GPIO_PinAFConfig                         0x08000977   Thumb Code    70  stm32f4xx_gpio.o(.text)
    RCC_DeInit                               0x080009e9   Thumb Code    82  stm32f4xx_rcc.o(.text)
    RCC_HSEConfig                            0x08000a3b   Thumb Code    14  stm32f4xx_rcc.o(.text)
    RCC_GetFlagStatus                        0x08000a49   Thumb Code    60  stm32f4xx_rcc.o(.text)
    RCC_WaitForHSEStartUp                    0x08000a85   Thumb Code    56  stm32f4xx_rcc.o(.text)
    RCC_AdjustHSICalibrationValue            0x08000abd   Thumb Code    20  stm32f4xx_rcc.o(.text)
    RCC_HSICmd                               0x08000ad1   Thumb Code     6  stm32f4xx_rcc.o(.text)
    RCC_LSEConfig                            0x08000ad7   Thumb Code    46  stm32f4xx_rcc.o(.text)
    RCC_LSICmd                               0x08000b05   Thumb Code     6  stm32f4xx_rcc.o(.text)
    RCC_PLLConfig                            0x08000b0b   Thumb Code    32  stm32f4xx_rcc.o(.text)
    RCC_PLLCmd                               0x08000b2b   Thumb Code     6  stm32f4xx_rcc.o(.text)
    RCC_PLLI2SConfig                         0x08000b31   Thumb Code    14  stm32f4xx_rcc.o(.text)
    RCC_PLLI2SCmd                            0x08000b3f   Thumb Code     6  stm32f4xx_rcc.o(.text)
    RCC_PLLSAIConfig                         0x08000b45   Thumb Code    20  stm32f4xx_rcc.o(.text)
    RCC_PLLSAICmd                            0x08000b59   Thumb Code     6  stm32f4xx_rcc.o(.text)
    RCC_ClockSecuritySystemCmd               0x08000b5f   Thumb Code     6  stm32f4xx_rcc.o(.text)
    RCC_MCO1Config                           0x08000b65   Thumb Code    28  stm32f4xx_rcc.o(.text)
    RCC_MCO2Config                           0x08000b81   Thumb Code    28  stm32f4xx_rcc.o(.text)
    RCC_SYSCLKConfig                         0x08000b9d   Thumb Code    20  stm32f4xx_rcc.o(.text)
    RCC_GetSYSCLKSource                      0x08000bb1   Thumb Code    12  stm32f4xx_rcc.o(.text)
    RCC_HCLKConfig                           0x08000bbd   Thumb Code    20  stm32f4xx_rcc.o(.text)
    RCC_PCLK1Config                          0x08000bd1   Thumb Code    20  stm32f4xx_rcc.o(.text)
    RCC_PCLK2Config                          0x08000be5   Thumb Code    22  stm32f4xx_rcc.o(.text)
    RCC_GetClocksFreq                        0x08000bfb   Thumb Code   222  stm32f4xx_rcc.o(.text)
    RCC_RTCCLKConfig                         0x08000cd9   Thumb Code    54  stm32f4xx_rcc.o(.text)
    RCC_RTCCLKCmd                            0x08000d0f   Thumb Code     8  stm32f4xx_rcc.o(.text)
    RCC_BackupResetCmd                       0x08000d17   Thumb Code     8  stm32f4xx_rcc.o(.text)
    RCC_I2SCLKConfig                         0x08000d1f   Thumb Code     6  stm32f4xx_rcc.o(.text)
    RCC_SAIPLLI2SClkDivConfig                0x08000d25   Thumb Code    26  stm32f4xx_rcc.o(.text)
    RCC_SAIPLLSAIClkDivConfig                0x08000d3f   Thumb Code    28  stm32f4xx_rcc.o(.text)
    RCC_SAIBlockACLKConfig                   0x08000d5b   Thumb Code    20  stm32f4xx_rcc.o(.text)
    RCC_SAIBlockBCLKConfig                   0x08000d6f   Thumb Code    20  stm32f4xx_rcc.o(.text)
    RCC_LTDCCLKDivConfig                     0x08000d83   Thumb Code    20  stm32f4xx_rcc.o(.text)
    RCC_TIMCLKPresConfig                     0x08000d97   Thumb Code     6  stm32f4xx_rcc.o(.text)
    RCC_AHB1PeriphClockCmd                   0x08000d9d   Thumb Code    34  stm32f4xx_rcc.o(.text)
    RCC_AHB2PeriphClockCmd                   0x08000dbf   Thumb Code    78  stm32f4xx_rcc.o(.text)
    RCC_AHB3PeriphClockCmd                   0x08000e0d   Thumb Code    34  stm32f4xx_rcc.o(.text)
    RCC_APB1PeriphClockCmd                   0x08000e2f   Thumb Code    34  stm32f4xx_rcc.o(.text)
    RCC_APB2PeriphClockCmd                   0x08000e51   Thumb Code    34  stm32f4xx_rcc.o(.text)
    RCC_AHB1PeriphResetCmd                   0x08000e73   Thumb Code    34  stm32f4xx_rcc.o(.text)
    RCC_AHB2PeriphResetCmd                   0x08000e95   Thumb Code    34  stm32f4xx_rcc.o(.text)
    RCC_AHB3PeriphResetCmd                   0x08000eb7   Thumb Code    34  stm32f4xx_rcc.o(.text)
    RCC_APB1PeriphResetCmd                   0x08000ed9   Thumb Code    34  stm32f4xx_rcc.o(.text)
    RCC_APB2PeriphResetCmd                   0x08000efb   Thumb Code    34  stm32f4xx_rcc.o(.text)
    RCC_AHB1PeriphClockLPModeCmd             0x08000f1d   Thumb Code    34  stm32f4xx_rcc.o(.text)
    RCC_AHB2PeriphClockLPModeCmd             0x08000f3f   Thumb Code    34  stm32f4xx_rcc.o(.text)
    RCC_AHB3PeriphClockLPModeCmd             0x08000f61   Thumb Code    34  stm32f4xx_rcc.o(.text)
    RCC_APB1PeriphClockLPModeCmd             0x08000f83   Thumb Code    34  stm32f4xx_rcc.o(.text)
    RCC_APB2PeriphClockLPModeCmd             0x08000fa5   Thumb Code    34  stm32f4xx_rcc.o(.text)
    RCC_LSEModeConfig                        0x08000fc7   Thumb Code    40  stm32f4xx_rcc.o(.text)
    RCC_ITConfig                             0x08000fef   Thumb Code    34  stm32f4xx_rcc.o(.text)
    RCC_ClearFlag                            0x08001011   Thumb Code    18  stm32f4xx_rcc.o(.text)
    RCC_GetITStatus                          0x08001023   Thumb Code    22  stm32f4xx_rcc.o(.text)
    RCC_ClearITPendingBit                    0x08001039   Thumb Code     8  stm32f4xx_rcc.o(.text)
    USART_DeInit                             0x08001045   Thumb Code   206  stm32f4xx_usart.o(.text)
    USART_Init                               0x08001113   Thumb Code   204  stm32f4xx_usart.o(.text)
    USART_StructInit                         0x080011df   Thumb Code    24  stm32f4xx_usart.o(.text)
    USART_ClockInit                          0x080011f7   Thumb Code    32  stm32f4xx_usart.o(.text)
    USART_ClockStructInit                    0x08001217   Thumb Code    12  stm32f4xx_usart.o(.text)
    USART_Cmd                                0x08001223   Thumb Code    24  stm32f4xx_usart.o(.text)
    USART_SetPrescaler                       0x0800123b   Thumb Code    16  stm32f4xx_usart.o(.text)
    USART_OverSampling8Cmd                   0x0800124b   Thumb Code    22  stm32f4xx_usart.o(.text)
    USART_OneBitMethodCmd                    0x08001261   Thumb Code    24  stm32f4xx_usart.o(.text)
    USART_SendData                           0x08001279   Thumb Code     8  stm32f4xx_usart.o(.text)
    USART_ReceiveData                        0x08001281   Thumb Code    10  stm32f4xx_usart.o(.text)
    USART_SetAddress                         0x0800128b   Thumb Code    18  stm32f4xx_usart.o(.text)
    USART_ReceiverWakeUpCmd                  0x0800129d   Thumb Code    24  stm32f4xx_usart.o(.text)
    USART_WakeUpConfig                       0x080012b5   Thumb Code    18  stm32f4xx_usart.o(.text)
    USART_LINBreakDetectLengthConfig         0x080012c7   Thumb Code    18  stm32f4xx_usart.o(.text)
    USART_LINCmd                             0x080012d9   Thumb Code    24  stm32f4xx_usart.o(.text)
    USART_SendBreak                          0x080012f1   Thumb Code    10  stm32f4xx_usart.o(.text)
    USART_HalfDuplexCmd                      0x080012fb   Thumb Code    24  stm32f4xx_usart.o(.text)
    USART_SetGuardTime                       0x08001313   Thumb Code    16  stm32f4xx_usart.o(.text)
    USART_SmartCardCmd                       0x08001323   Thumb Code    24  stm32f4xx_usart.o(.text)
    USART_SmartCardNACKCmd                   0x0800133b   Thumb Code    24  stm32f4xx_usart.o(.text)
    USART_IrDAConfig                         0x08001353   Thumb Code    18  stm32f4xx_usart.o(.text)
    USART_IrDACmd                            0x08001365   Thumb Code    24  stm32f4xx_usart.o(.text)
    USART_DMACmd                             0x0800137d   Thumb Code    18  stm32f4xx_usart.o(.text)
    USART_ITConfig                           0x0800138f   Thumb Code    74  stm32f4xx_usart.o(.text)
    USART_GetFlagStatus                      0x080013d9   Thumb Code    26  stm32f4xx_usart.o(.text)
    USART_ClearFlag                          0x080013f3   Thumb Code    18  stm32f4xx_usart.o(.text)
    USART_GetITStatus                        0x08001405   Thumb Code   118  stm32f4xx_usart.o(.text)
    USART_ClearITPendingBit                  0x0800147b   Thumb Code    30  stm32f4xx_usart.o(.text)
    TIM_DeInit                               0x08001499   Thumb Code   346  stm32f4xx_tim.o(.text)
    TIM_TimeBaseInit                         0x080015f3   Thumb Code   104  stm32f4xx_tim.o(.text)
    TIM_TimeBaseStructInit                   0x0800165b   Thumb Code    18  stm32f4xx_tim.o(.text)
    TIM_PrescalerConfig                      0x0800166d   Thumb Code     6  stm32f4xx_tim.o(.text)
    TIM_CounterModeConfig                    0x08001673   Thumb Code    18  stm32f4xx_tim.o(.text)
    TIM_SetCounter                           0x08001685   Thumb Code     4  stm32f4xx_tim.o(.text)
    TIM_SetAutoreload                        0x08001689   Thumb Code     4  stm32f4xx_tim.o(.text)
    TIM_GetCounter                           0x0800168d   Thumb Code     6  stm32f4xx_tim.o(.text)
    TIM_GetPrescaler                         0x08001693   Thumb Code     6  stm32f4xx_tim.o(.text)
    TIM_UpdateDisableConfig                  0x08001699   Thumb Code    24  stm32f4xx_tim.o(.text)
    TIM_UpdateRequestConfig                  0x080016b1   Thumb Code    24  stm32f4xx_tim.o(.text)
    TIM_ARRPreloadConfig                     0x080016c9   Thumb Code    24  stm32f4xx_tim.o(.text)
    TIM_SelectOnePulseMode                   0x080016e1   Thumb Code    18  stm32f4xx_tim.o(.text)
    TIM_SetClockDivision                     0x080016f3   Thumb Code    18  stm32f4xx_tim.o(.text)
    TIM_Cmd                                  0x08001705   Thumb Code    24  stm32f4xx_tim.o(.text)
    TIM_OC1Init                              0x0800171d   Thumb Code   114  stm32f4xx_tim.o(.text)
    TIM_OC2Init                              0x0800178f   Thumb Code   154  stm32f4xx_tim.o(.text)
    TIM_OC3Init                              0x08001829   Thumb Code   204  stm32f4xx_tim.o(.text)
    TIM_OC4Init                              0x080018f5   Thumb Code   112  stm32f4xx_tim.o(.text)
    TIM_OCStructInit                         0x08001965   Thumb Code    20  stm32f4xx_tim.o(.text)
    TIM_SelectOCxM                           0x08001979   Thumb Code    86  stm32f4xx_tim.o(.text)
    TIM_SetCompare1                          0x080019cf   Thumb Code     4  stm32f4xx_tim.o(.text)
    TIM_SetCompare2                          0x080019d3   Thumb Code     4  stm32f4xx_tim.o(.text)
    TIM_SetCompare3                          0x080019d7   Thumb Code     4  stm32f4xx_tim.o(.text)
    TIM_SetCompare4                          0x080019db   Thumb Code     4  stm32f4xx_tim.o(.text)
    TIM_ForcedOC1Config                      0x080019df   Thumb Code    18  stm32f4xx_tim.o(.text)
    TIM_ForcedOC2Config                      0x080019f1   Thumb Code    26  stm32f4xx_tim.o(.text)
    TIM_ForcedOC3Config                      0x08001a0b   Thumb Code    18  stm32f4xx_tim.o(.text)
    TIM_ForcedOC4Config                      0x08001a1d   Thumb Code    26  stm32f4xx_tim.o(.text)
    TIM_OC1PreloadConfig                     0x08001a37   Thumb Code    18  stm32f4xx_tim.o(.text)
    TIM_OC2PreloadConfig                     0x08001a49   Thumb Code    26  stm32f4xx_tim.o(.text)
    TIM_OC3PreloadConfig                     0x08001a63   Thumb Code    18  stm32f4xx_tim.o(.text)
    TIM_OC4PreloadConfig                     0x08001a75   Thumb Code    26  stm32f4xx_tim.o(.text)
    TIM_OC1FastConfig                        0x08001a8f   Thumb Code    18  stm32f4xx_tim.o(.text)
    TIM_OC2FastConfig                        0x08001aa1   Thumb Code    26  stm32f4xx_tim.o(.text)
    TIM_OC3FastConfig                        0x08001abb   Thumb Code    18  stm32f4xx_tim.o(.text)
    TIM_OC4FastConfig                        0x08001acd   Thumb Code    26  stm32f4xx_tim.o(.text)
    TIM_ClearOC1Ref                          0x08001ae7   Thumb Code    18  stm32f4xx_tim.o(.text)
    TIM_ClearOC2Ref                          0x08001af9   Thumb Code    24  stm32f4xx_tim.o(.text)
    TIM_ClearOC3Ref                          0x08001b11   Thumb Code    18  stm32f4xx_tim.o(.text)
    TIM_ClearOC4Ref                          0x08001b23   Thumb Code    24  stm32f4xx_tim.o(.text)
    TIM_OC1PolarityConfig                    0x08001b3b   Thumb Code    18  stm32f4xx_tim.o(.text)
    TIM_OC1NPolarityConfig                   0x08001b4d   Thumb Code    18  stm32f4xx_tim.o(.text)
    TIM_OC2PolarityConfig                    0x08001b5f   Thumb Code    26  stm32f4xx_tim.o(.text)
    TIM_OC2NPolarityConfig                   0x08001b79   Thumb Code    26  stm32f4xx_tim.o(.text)
    TIM_OC3PolarityConfig                    0x08001b93   Thumb Code    26  stm32f4xx_tim.o(.text)
    TIM_OC3NPolarityConfig                   0x08001bad   Thumb Code    26  stm32f4xx_tim.o(.text)
    TIM_OC4PolarityConfig                    0x08001bc7   Thumb Code    26  stm32f4xx_tim.o(.text)
    TIM_CCxCmd                               0x08001be1   Thumb Code    30  stm32f4xx_tim.o(.text)
    TIM_CCxNCmd                              0x08001bff   Thumb Code    30  stm32f4xx_tim.o(.text)
    TIM_SetIC4Prescaler                      0x08001c1d   Thumb Code    26  stm32f4xx_tim.o(.text)
    TIM_SetIC3Prescaler                      0x08001c87   Thumb Code    18  stm32f4xx_tim.o(.text)
    TIM_SetIC2Prescaler                      0x08001ce1   Thumb Code    26  stm32f4xx_tim.o(.text)
    TIM_SetIC1Prescaler                      0x08001d55   Thumb Code    18  stm32f4xx_tim.o(.text)
    TIM_ICInit                               0x08001da1   Thumb Code   110  stm32f4xx_tim.o(.text)
    TIM_ICStructInit                         0x08001e0f   Thumb Code    18  stm32f4xx_tim.o(.text)
    TIM_PWMIConfig                           0x08001e21   Thumb Code   124  stm32f4xx_tim.o(.text)
    TIM_GetCapture1                          0x08001e9d   Thumb Code     6  stm32f4xx_tim.o(.text)
    TIM_GetCapture2                          0x08001ea3   Thumb Code     6  stm32f4xx_tim.o(.text)
    TIM_GetCapture3                          0x08001ea9   Thumb Code     6  stm32f4xx_tim.o(.text)
    TIM_GetCapture4                          0x08001eaf   Thumb Code     6  stm32f4xx_tim.o(.text)
    TIM_BDTRConfig                           0x08001eb5   Thumb Code    32  stm32f4xx_tim.o(.text)
    TIM_BDTRStructInit                       0x08001ed5   Thumb Code    18  stm32f4xx_tim.o(.text)
    TIM_CtrlPWMOutputs                       0x08001ee7   Thumb Code    30  stm32f4xx_tim.o(.text)
    TIM_SelectCOM                            0x08001f05   Thumb Code    24  stm32f4xx_tim.o(.text)
    TIM_CCPreloadControl                     0x08001f1d   Thumb Code    24  stm32f4xx_tim.o(.text)
    TIM_ITConfig                             0x08001f35   Thumb Code    18  stm32f4xx_tim.o(.text)
    TIM_GenerateEvent                        0x08001f47   Thumb Code     4  stm32f4xx_tim.o(.text)
    TIM_GetFlagStatus                        0x08001f4b   Thumb Code    18  stm32f4xx_tim.o(.text)
    TIM_ClearFlag                            0x08001f5d   Thumb Code     6  stm32f4xx_tim.o(.text)
    TIM_GetITStatus                          0x08001f63   Thumb Code    34  stm32f4xx_tim.o(.text)
    TIM_ClearITPendingBit                    0x08001f85   Thumb Code     6  stm32f4xx_tim.o(.text)
    TIM_DMAConfig                            0x08001f8b   Thumb Code    10  stm32f4xx_tim.o(.text)
    TIM_DMACmd                               0x08001f95   Thumb Code    18  stm32f4xx_tim.o(.text)
    TIM_SelectCCDMA                          0x08001fa7   Thumb Code    24  stm32f4xx_tim.o(.text)
    TIM_InternalClockConfig                  0x08001fbf   Thumb Code    12  stm32f4xx_tim.o(.text)
    TIM_SelectInputTrigger                   0x08001fcb   Thumb Code    18  stm32f4xx_tim.o(.text)
    TIM_ITRxExternalClockConfig              0x08001fdd   Thumb Code    24  stm32f4xx_tim.o(.text)
    TIM_TIxExternalClockConfig               0x08001ff5   Thumb Code    62  stm32f4xx_tim.o(.text)
    TIM_ETRConfig                            0x08002033   Thumb Code    28  stm32f4xx_tim.o(.text)
    TIM_ETRClockMode1Config                  0x0800204f   Thumb Code    54  stm32f4xx_tim.o(.text)
    TIM_ETRClockMode2Config                  0x08002085   Thumb Code    32  stm32f4xx_tim.o(.text)
    TIM_SelectOutputTrigger                  0x080020a5   Thumb Code    18  stm32f4xx_tim.o(.text)
    TIM_SelectSlaveMode                      0x080020b7   Thumb Code    18  stm32f4xx_tim.o(.text)
    TIM_SelectMasterSlaveMode                0x080020c9   Thumb Code    18  stm32f4xx_tim.o(.text)
    TIM_EncoderInterfaceConfig               0x080020db   Thumb Code    66  stm32f4xx_tim.o(.text)
    TIM_SelectHallSensor                     0x0800211d   Thumb Code    24  stm32f4xx_tim.o(.text)
    TIM_RemapConfig                          0x08002135   Thumb Code     6  stm32f4xx_tim.o(.text)
    CAN_DeInit                               0x0800213d   Thumb Code    50  stm32f4xx_can.o(.text)
    CAN_Init                                 0x0800216f   Thumb Code   276  stm32f4xx_can.o(.text)
    CAN_FilterInit                           0x08002283   Thumb Code   258  stm32f4xx_can.o(.text)
    CAN_StructInit                           0x08002385   Thumb Code    32  stm32f4xx_can.o(.text)
    CAN_SlaveStartBank                       0x080023a5   Thumb Code    48  stm32f4xx_can.o(.text)
    CAN_DBGFreeze                            0x080023d5   Thumb Code    22  stm32f4xx_can.o(.text)
    CAN_TTComModeCmd                         0x080023eb   Thumb Code   118  stm32f4xx_can.o(.text)
    CAN_Transmit                             0x08002461   Thumb Code   304  stm32f4xx_can.o(.text)
    CAN_TransmitStatus                       0x08002591   Thumb Code   138  stm32f4xx_can.o(.text)
    CAN_CancelTransmit                       0x0800261b   Thumb Code    48  stm32f4xx_can.o(.text)
    CAN_Receive                              0x0800264b   Thumb Code   240  stm32f4xx_can.o(.text)
    CAN_FIFORelease                          0x0800273b   Thumb Code    22  stm32f4xx_can.o(.text)
    CAN_MessagePending                       0x08002751   Thumb Code    30  stm32f4xx_can.o(.text)
    CAN_OperatingModeRequest                 0x0800276f   Thumb Code   162  stm32f4xx_can.o(.text)
    CAN_Sleep                                0x08002811   Thumb Code    30  stm32f4xx_can.o(.text)
    CAN_WakeUp                               0x0800282f   Thumb Code    48  stm32f4xx_can.o(.text)
    CAN_GetLastErrorCode                     0x0800285f   Thumb Code    12  stm32f4xx_can.o(.text)
    CAN_GetReceiveErrorCounter               0x0800286b   Thumb Code    10  stm32f4xx_can.o(.text)
    CAN_GetLSBTransmitErrorCounter           0x08002875   Thumb Code    12  stm32f4xx_can.o(.text)
    CAN_ITConfig                             0x08002881   Thumb Code    18  stm32f4xx_can.o(.text)
    CAN_GetFlagStatus                        0x08002893   Thumb Code   120  stm32f4xx_can.o(.text)
    CAN_ClearFlag                            0x0800290b   Thumb Code    52  stm32f4xx_can.o(.text)
    CAN_GetITStatus                          0x08002951   Thumb Code   310  stm32f4xx_can.o(.text)
    CAN_ClearITPendingBit                    0x08002a87   Thumb Code   162  stm32f4xx_can.o(.text)
    delay_osschedlock                        0x08002b2d   Thumb Code     8  delay.o(.text)
    delay_osschedunlock                      0x08002b35   Thumb Code     8  delay.o(.text)
    delay_ostimedly                          0x08002b3d   Thumb Code    12  delay.o(.text)
    SysTick_Handler                          0x08002b49   Thumb Code    24  delay.o(.text)
    delay_init                               0x08002b61   Thumb Code    76  delay.o(.text)
    delay_us                                 0x08002bad   Thumb Code    84  delay.o(.text)
    delay_ms                                 0x08002c01   Thumb Code    66  delay.o(.text)
    _sys_exit                                0x08002c55   Thumb Code     4  usart.o(.text)
    fputc                                    0x08002c59   Thumb Code    24  usart.o(.text)
    uart_init                                0x08002c71   Thumb Code   164  usart.o(.text)
    USART3_IRQHandler                        0x08002d15   Thumb Code   130  usart.o(.text)
    LED_Init                                 0x08002da9   Thumb Code    56  led.o(.text)
    uart1_init                               0x08002de5   Thumb Code   184  rs485.o(.text)
    USART1_IRQHandler                        0x08002e9d   Thumb Code   166  rs485.o(.text)
    TIM3_Int_Init                            0x08002f43   Thumb Code    88  rs485.o(.text)
    TIM3_IRQHandler                          0x08002f9b   Thumb Code    92  rs485.o(.text)
    crc16                                    0x08002ff7   Thumb Code    48  rs485.o(.text)
    RS485Init                                0x08003027   Thumb Code   100  rs485.o(.text)
    Para_deal                                0x0800308b   Thumb Code   620  rs485.o(.text)
    Frame_deal                               0x080032f7   Thumb Code   216  rs485.o(.text)
    Protocol_RS485                           0x080033cf   Thumb Code   148  rs485.o(.text)
    RS485_Send_Data                          0x08003463   Thumb Code    56  rs485.o(.text)
    CAN1_Mode_Init                           0x080034bd   Thumb Code   208  can.o(.text)
    CAN1_Send_Msg                            0x0800358d   Thumb Code   104  can.o(.text)
    CAN1_Receive_Msg                         0x080035f5   Thumb Code    60  can.o(.text)
    Motor_IO_Init                            0x08003639   Thumb Code    64  motor.o(.text)
    TIM1_Config                              0x08003679   Thumb Code    96  motor.o(.text)
    TIM1_PWM_Init                            0x080036d9   Thumb Code   138  motor.o(.text)
    TIM1_PWM_SET                             0x08003763   Thumb Code    82  motor.o(.text)
    MoveUp                                   0x080037b5   Thumb Code    20  motor.o(.text)
    MoveDown                                 0x080037c9   Thumb Code    20  motor.o(.text)
    MotorCrl                                 0x080037dd   Thumb Code    48  motor.o(.text)
    TIM12_CH1_Cap_Init                       0x0800380d   Thumb Code   182  motor.o(.text)
    TIM12_IRQHandler                         0x080038c3   Thumb Code   154  motor.o(.text)
    Motor_Init                               0x0800395d   Thumb Code    26  motor.o(.text)
    OS_TaskStatStkChk                        0x08003999   Thumb Code    54  os_core.o(.text)
    OS_TaskStat                              0x080039cf   Thumb Code   116  os_core.o(.text)
    OS_TaskIdle                              0x08003a77   Thumb Code    34  os_core.o(.text)
    OS_MemClr                                0x08003acd   Thumb Code    18  os_core.o(.text)
    OSInit                                   0x08003beb   Thumb Code    44  os_core.o(.text)
    OSIntEnter                               0x08003c17   Thumb Code    28  os_core.o(.text)
    OSIntExit                                0x08003c4d   Thumb Code   112  os_core.o(.text)
    OSSchedLock                              0x08003cbd   Thumb Code    50  os_core.o(.text)
    OS_Sched                                 0x08003cef   Thumb Code    88  os_core.o(.text)
    OSSchedUnlock                            0x08003d47   Thumb Code   238  os_core.o(.text)
    OSStart                                  0x08003e35   Thumb Code    48  os_core.o(.text)
    OSStatInit                               0x08003e65   Thumb Code    62  os_core.o(.text)
    OSTimeTick                               0x08003ea3   Thumb Code   210  os_core.o(.text)
    OSVersion                                0x08003f75   Thumb Code     6  os_core.o(.text)
    OS_Dummy                                 0x08003f7b   Thumb Code     2  os_core.o(.text)
    OS_EventTaskRemove                       0x08003f7d   Thumb Code    42  os_core.o(.text)
    OS_EventTaskRdy                          0x08003fa7   Thumb Code   114  os_core.o(.text)
    OS_EventTaskWait                         0x08004019   Thumb Code   112  os_core.o(.text)
    OS_EventWaitListInit                     0x08004089   Thumb Code    28  os_core.o(.text)
    OS_MemCopy                               0x080040a5   Thumb Code    20  os_core.o(.text)
    OS_StrLen                                0x080040b9   Thumb Code    20  os_core.o(.text)
    OS_TCBInit                               0x080040cd   Thumb Code   280  os_core.o(.text)
    OSFlagAccept                             0x08004229   Thumb Code   252  os_flag.o(.text)
    OSFlagCreate                             0x08004325   Thumb Code    86  os_flag.o(.text)
    OS_FlagUnlink                            0x0800437b   Thumb Code    36  os_flag.o(.text)
    OSFlagDel                                0x080043f1   Thumb Code   214  os_flag.o(.text)
    OSFlagNameGet                            0x080044c7   Thumb Code    80  os_flag.o(.text)
    OSFlagNameSet                            0x08004517   Thumb Code    66  os_flag.o(.text)
    OSFlagPend                               0x080045f1   Thumb Code   614  os_flag.o(.text)
    OSFlagPendGetFlagsRdy                    0x08004857   Thumb Code    26  os_flag.o(.text)
    OSFlagPost                               0x08004871   Thumb Code   312  os_flag.o(.text)
    OSFlagQuery                              0x080049a9   Thumb Code    48  os_flag.o(.text)
    OS_FlagInit                              0x080049d9   Thumb Code    78  os_flag.o(.text)
    OSQAccept                                0x08004a35   Thumb Code    88  os_q.o(.text)
    OSQCreate                                0x08004a8d   Thumb Code   140  os_q.o(.text)
    OSQDel                                   0x08004b19   Thumb Code   236  os_q.o(.text)
    OSQFlush                                 0x08004c05   Thumb Code    36  os_q.o(.text)
    OSQPend                                  0x08004c29   Thumb Code   272  os_q.o(.text)
    OSQPendAbort                             0x08004d39   Thumb Code   128  os_q.o(.text)
    OSQPost                                  0x08004db9   Thumb Code   114  os_q.o(.text)
    OSQPostFront                             0x08004e2b   Thumb Code   136  os_q.o(.text)
    OSQPostOpt                               0x08004eb3   Thumb Code   182  os_q.o(.text)
    OSQQuery                                 0x08004f69   Thumb Code    98  os_q.o(.text)
    OS_QInit                                 0x08004fcb   Thumb Code    72  os_q.o(.text)
    OSSemAccept                              0x0800501d   Thumb Code    42  os_sem.o(.text)
    OSSemCreate                              0x08005047   Thumb Code    68  os_sem.o(.text)
    OSSemDel                                 0x0800508b   Thumb Code   200  os_sem.o(.text)
    OSSemPend                                0x08005153   Thumb Code   222  os_sem.o(.text)
    OSSemPendAbort                           0x08005231   Thumb Code   128  os_sem.o(.text)
    OSSemPost                                0x080052b1   Thumb Code    88  os_sem.o(.text)
    OSSemQuery                               0x08005309   Thumb Code    76  os_sem.o(.text)
    OSSemSet                                 0x08005355   Thumb Code    66  os_sem.o(.text)
    OSTaskChangePrio                         0x080053a9   Thumb Code   308  os_task.o(.text)
    OSTaskCreate                             0x080054dd   Thumb Code   148  os_task.o(.text)
    OS_TaskStkClr                            0x08005571   Thumb Code    26  os_task.o(.text)
    OSTaskCreateExt                          0x0800558b   Thumb Code   170  os_task.o(.text)
    OSTaskDel                                0x08005635   Thumb Code   294  os_task.o(.text)
    OSTaskDelReq                             0x0800575b   Thumb Code   144  os_task.o(.text)
    OSTaskNameGet                            0x080057eb   Thumb Code   114  os_task.o(.text)
    OSTaskNameSet                            0x0800585d   Thumb Code    98  os_task.o(.text)
    OSTaskResume                             0x080058bf   Thumb Code   154  os_task.o(.text)
    OSTaskStkChk                             0x08005959   Thumb Code   132  os_task.o(.text)
    OSTaskSuspend                            0x080059dd   Thumb Code   152  os_task.o(.text)
    OSTaskQuery                              0x08005a75   Thumb Code    82  os_task.o(.text)
    OSTaskRegGet                             0x08005ac7   Thumb Code    60  os_task.o(.text)
    OSTaskRegSet                             0x08005b03   Thumb Code    62  os_task.o(.text)
    OS_TaskReturn                            0x08005b41   Thumb Code    18  os_task.o(.text)
    OSTimeDly                                0x08005b6d   Thumb Code   100  os_time.o(.text)
    OSTimeDlyHMSM                            0x08005bd1   Thumb Code    86  os_time.o(.text)
    OSTimeDlyResume                          0x08005c27   Thumb Code   168  os_time.o(.text)
    OSTimeGet                                0x08005ccf   Thumb Code    24  os_time.o(.text)
    OSTimeSet                                0x08005ce7   Thumb Code    24  os_time.o(.text)
    OS_CPU_SR_Save                           0x08005d1d   Thumb Code     0  os_cpu_a.o(.text)
    OS_CPU_SR_Restore                        0x08005d25   Thumb Code     0  os_cpu_a.o(.text)
    OSStartHighRdy                           0x08005d2b   Thumb Code     0  os_cpu_a.o(.text)
    OSCtxSw                                  0x08005d4f   Thumb Code     0  os_cpu_a.o(.text)
    OSIntCtxSw                               0x08005d5d   Thumb Code     0  os_cpu_a.o(.text)
    PendSV_Handler                           0x08005d6d   Thumb Code     0  os_cpu_a.o(.text)
    OSInitHookBegin                          0x08005de5   Thumb Code     2  os_cpu_c.o(.text)
    OSInitHookEnd                            0x08005de7   Thumb Code     2  os_cpu_c.o(.text)
    OSTaskCreateHook                         0x08005de9   Thumb Code     2  os_cpu_c.o(.text)
    OSTaskDelHook                            0x08005deb   Thumb Code     2  os_cpu_c.o(.text)
    OSTaskIdleHook                           0x08005ded   Thumb Code     2  os_cpu_c.o(.text)
    OSTaskStatHook                           0x08005def   Thumb Code     2  os_cpu_c.o(.text)
    OSTaskStkInit                            0x08005df1   Thumb Code   426  os_cpu_c.o(.text)
    OSTaskSwHook                             0x08005f9b   Thumb Code     2  os_cpu_c.o(.text)
    OSTCBInitHook                            0x08005f9d   Thumb Code     2  os_cpu_c.o(.text)
    OSTimeTickHook                           0x08005f9f   Thumb Code     2  os_cpu_c.o(.text)
    OSTaskReturnHook                         0x08005fa1   Thumb Code     2  os_cpu_c.o(.text)
    __use_no_semihosting                     0x08005fa9   Thumb Code     2  use_no_semi_2.o(.text)
    __use_two_region_memory                  0x08005fab   Thumb Code     2  heapauxi.o(.text)
    __rt_heap_escrow$2region                 0x08005fad   Thumb Code     2  heapauxi.o(.text)
    __rt_heap_expand$2region                 0x08005faf   Thumb Code     2  heapauxi.o(.text)
    __I$use$semihosting                      0x08005fb1   Thumb Code     0  use_no_semi.o(.text)
    __use_no_semihosting_swi                 0x08005fb1   Thumb Code     2  use_no_semi.o(.text)
    __user_setup_stackheap                   0x08005fb3   Thumb Code    74  sys_stackheap_outer.o(.text)
    exit                                     0x08005ffd   Thumb Code    12  exit.o(.text)
    __user_libspace                          0x08006009   Thumb Code     8  libspace.o(.text)
    __user_perproc_libspace                  0x08006009   Thumb Code     0  libspace.o(.text)
    __user_perthread_libspace                0x08006009   Thumb Code     0  libspace.o(.text)
    _fp_init                                 0x08006011   Thumb Code    10  fpinit.o(x$fpl$fpinit)
    __fplib_config_fpu_vfp                   0x08006019   Thumb Code     0  fpinit.o(x$fpl$fpinit)
    __fplib_config_pureend_doubles           0x08006019   Thumb Code     0  fpinit.o(x$fpl$fpinit)
    OSUnMapTbl                               0x0800621a   Data         256  os_core.o(.constdata)
    Region$$Table$$Base                      0x0800631c   Number         0  anon$$obj.o(Region$$Table)
    Region$$Table$$Limit                     0x0800633c   Number         0  anon$$obj.o(Region$$Table)
    key                                      0x20000000   Data           1  main.o(.data)
    i                                        0x20000001   Data           1  main.o(.data)
    canbuf                                   0x20000002   Data           8  main.o(.data)
    res                                      0x2000000a   Data           1  main.o(.data)
    MoveInteval                              0x2000000b   Data           1  main.o(.data)
    SystemCoreClock                          0x2000000c   Data           4  system_stm32f4xx.o(.data)
    AHBPrescTable                            0x20000010   Data          16  system_stm32f4xx.o(.data)
    SlaveIdAddr                              0x20000020   Data           2  glb_reg.o(.data)
    DebugFlag                                0x20000022   Data           2  glb_reg.o(.data)
    __stdout                                 0x20000038   Data           4  usart.o(.data)
    USART_RX_STA                             0x2000003c   Data           2  usart.o(.data)
    sem_rs485_rx                             0x20000040   Data           4  rs485.o(.data)
    sem_rs485_tx                             0x20000044   Data           4  rs485.o(.data)
    modbus_busy_flag                         0x20000048   Data           1  rs485.o(.data)
    TIM12CH1_CAPTURE_STA                     0x2000004a   Data           1  motor.o(.data)
    TIM12CH1_CAPTURE_VAL                     0x2000004c   Data           2  motor.o(.data)
    OSCtxSwCtr                               0x20000050   Data           4  os_core.o(.data)
    OSEventFreeList                          0x20000054   Data           4  os_core.o(.data)
    OSFlagFreeList                           0x20000058   Data           4  os_core.o(.data)
    OSCPUUsage                               0x2000005c   Data           1  os_core.o(.data)
    OSIdleCtrMax                             0x20000060   Data           4  os_core.o(.data)
    OSIdleCtrRun                             0x20000064   Data           4  os_core.o(.data)
    OSStatRdy                                0x20000068   Data           1  os_core.o(.data)
    OSIntNesting                             0x20000069   Data           1  os_core.o(.data)
    OSLockNesting                            0x2000006a   Data           1  os_core.o(.data)
    OSPrioCur                                0x2000006b   Data           1  os_core.o(.data)
    OSPrioHighRdy                            0x2000006c   Data           1  os_core.o(.data)
    OSRdyGrp                                 0x2000006d   Data           1  os_core.o(.data)
    OSRdyTbl                                 0x2000006e   Data           8  os_core.o(.data)
    OSRunning                                0x20000076   Data           1  os_core.o(.data)
    OSTaskCtr                                0x20000077   Data           1  os_core.o(.data)
    OSIdleCtr                                0x20000078   Data           4  os_core.o(.data)
    OSTCBCur                                 0x2000007c   Data           4  os_core.o(.data)
    OSTCBFreeList                            0x20000080   Data           4  os_core.o(.data)
    OSTCBHighRdy                             0x20000084   Data           4  os_core.o(.data)
    OSTCBList                                0x20000088   Data           4  os_core.o(.data)
    OSTickStepState                          0x2000008c   Data           1  os_core.o(.data)
    OSQFreeList                              0x20000090   Data           4  os_core.o(.data)
    OSTime                                   0x20000094   Data           4  os_core.o(.data)
    START_TASK_STK                           0x20000098   Data         256  main.o(.bss)
    LED_TASK_STK                             0x20000198   Data         256  main.o(.bss)
    PcCom_TASK_STK                           0x20000298   Data        1024  main.o(.bss)
    CAN_TASK_STK                             0x20000698   Data        1024  main.o(.bss)
    dGlbReg                                  0x20000a98   Data        2048  glb_reg.o(.bss)
    USART_RX_BUF                             0x20001298   Data         200  usart.o(.bss)
    uart2rx                                  0x20001360   Data         526  rs485.o(.bss)
    OSEventTbl                               0x20001570   Data         200  os_core.o(.bss)
    OSFlagTbl                                0x20001638   Data          80  os_core.o(.bss)
    OSTaskStatStk                            0x20001688   Data         512  os_core.o(.bss)
    OSTaskIdleStk                            0x20001888   Data         512  os_core.o(.bss)
    OSTCBPrioTbl                             0x20001a88   Data         256  os_core.o(.bss)
    OSTCBTbl                                 0x20001b88   Data        1008  os_core.o(.bss)
    OSQTbl                                   0x20001f78   Data         120  os_core.o(.bss)
    __libspace_start                         0x20001ff0   Data          96  libspace.o(.bss)
    __temporary_stack_top$libspace           0x20002050   Data           0  libspace.o(.bss)



==============================================================================

Memory Map of the image

  Image Entry point : 0x08000189

  Load Region LR_IROM1 (Base: 0x08000000, Size: 0x000063d4, Max: 0x00080000, ABSOLUTE)

    Execution Region ER_IROM1 (Base: 0x08000000, Size: 0x0000633c, Max: 0x00080000, ABSOLUTE)

    Base Addr    Size         Type   Attr      Idx    E Section Name        Object

    0x08000000   0x00000188   Data   RO          290    RESET               startup_stm32f40_41xxx.o
    0x08000188   0x00000008   Code   RO          846  * !!!main             c_w.l(__main.o)
    0x08000190   0x00000034   Code   RO          998    !!!scatter          c_w.l(__scatter.o)
    0x080001c4   0x0000001a   Code   RO         1000    !!handler_copy      c_w.l(__scatter_copy.o)
    0x080001de   0x00000002   PAD
    0x080001e0   0x0000001c   Code   RO         1002    !!handler_zi        c_w.l(__scatter_zi.o)
    0x080001fc   0x00000002   Code   RO          875    .ARM.Collect$$libinit$$00000000  c_w.l(libinit.o)
    0x080001fe   0x00000004   Code   RO          881    .ARM.Collect$$libinit$$00000001  c_w.l(libinit2.o)
    0x08000202   0x00000000   Code   RO          885    .ARM.Collect$$libinit$$00000008  c_w.l(libinit2.o)
    0x08000202   0x00000000   Code   RO          887    .ARM.Collect$$libinit$$0000000A  c_w.l(libinit2.o)
    0x08000202   0x00000000   Code   RO          889    .ARM.Collect$$libinit$$0000000C  c_w.l(libinit2.o)
    0x08000202   0x00000000   Code   RO          892    .ARM.Collect$$libinit$$0000000F  c_w.l(libinit2.o)
    0x08000202   0x00000000   Code   RO          894    .ARM.Collect$$libinit$$00000011  c_w.l(libinit2.o)
    0x08000202   0x00000000   Code   RO          896    .ARM.Collect$$libinit$$00000013  c_w.l(libinit2.o)
    0x08000202   0x00000000   Code   RO          898    .ARM.Collect$$libinit$$00000015  c_w.l(libinit2.o)
    0x08000202   0x00000000   Code   RO          900    .ARM.Collect$$libinit$$00000017  c_w.l(libinit2.o)
    0x08000202   0x00000000   Code   RO          902    .ARM.Collect$$libinit$$00000019  c_w.l(libinit2.o)
    0x08000202   0x00000000   Code   RO          904    .ARM.Collect$$libinit$$0000001B  c_w.l(libinit2.o)
    0x08000202   0x00000000   Code   RO          906    .ARM.Collect$$libinit$$0000001D  c_w.l(libinit2.o)
    0x08000202   0x00000000   Code   RO          908    .ARM.Collect$$libinit$$0000001F  c_w.l(libinit2.o)
    0x08000202   0x00000000   Code   RO          910    .ARM.Collect$$libinit$$00000021  c_w.l(libinit2.o)
    0x08000202   0x00000000   Code   RO          912    .ARM.Collect$$libinit$$00000023  c_w.l(libinit2.o)
    0x08000202   0x00000000   Code   RO          916    .ARM.Collect$$libinit$$0000002A  c_w.l(libinit2.o)
    0x08000202   0x00000000   Code   RO          918    .ARM.Collect$$libinit$$0000002C  c_w.l(libinit2.o)
    0x08000202   0x00000000   Code   RO          920    .ARM.Collect$$libinit$$0000002E  c_w.l(libinit2.o)
    0x08000202   0x00000000   Code   RO          922    .ARM.Collect$$libinit$$00000030  c_w.l(libinit2.o)
    0x08000202   0x00000002   Code   RO          923    .ARM.Collect$$libinit$$00000031  c_w.l(libinit2.o)
    0x08000204   0x00000002   Code   RO          941    .ARM.Collect$$libshutdown$$00000000  c_w.l(libshutdown.o)
    0x08000206   0x00000000   Code   RO          952    .ARM.Collect$$libshutdown$$00000003  c_w.l(libshutdown2.o)
    0x08000206   0x00000000   Code   RO          955    .ARM.Collect$$libshutdown$$00000006  c_w.l(libshutdown2.o)
    0x08000206   0x00000000   Code   RO          958    .ARM.Collect$$libshutdown$$00000009  c_w.l(libshutdown2.o)
    0x08000206   0x00000000   Code   RO          960    .ARM.Collect$$libshutdown$$0000000B  c_w.l(libshutdown2.o)
    0x08000206   0x00000000   Code   RO          963    .ARM.Collect$$libshutdown$$0000000E  c_w.l(libshutdown2.o)
    0x08000206   0x00000002   Code   RO          964    .ARM.Collect$$libshutdown$$0000000F  c_w.l(libshutdown2.o)
    0x08000208   0x00000000   Code   RO          850    .ARM.Collect$$rtentry$$00000000  c_w.l(rtentry.o)
    0x08000208   0x00000000   Code   RO          852    .ARM.Collect$$rtentry$$00000002  c_w.l(rtentry2.o)
    0x08000208   0x00000006   Code   RO          864    .ARM.Collect$$rtentry$$00000004  c_w.l(rtentry4.o)
    0x0800020e   0x00000000   Code   RO          854    .ARM.Collect$$rtentry$$00000009  c_w.l(rtentry2.o)
    0x0800020e   0x00000004   Code   RO          855    .ARM.Collect$$rtentry$$0000000A  c_w.l(rtentry2.o)
    0x08000212   0x00000000   Code   RO          857    .ARM.Collect$$rtentry$$0000000C  c_w.l(rtentry2.o)
    0x08000212   0x00000008   Code   RO          858    .ARM.Collect$$rtentry$$0000000D  c_w.l(rtentry2.o)
    0x0800021a   0x00000002   Code   RO          879    .ARM.Collect$$rtexit$$00000000  c_w.l(rtexit.o)
    0x0800021c   0x00000000   Code   RO          925    .ARM.Collect$$rtexit$$00000002  c_w.l(rtexit2.o)
    0x0800021c   0x00000004   Code   RO          926    .ARM.Collect$$rtexit$$00000003  c_w.l(rtexit2.o)
    0x08000220   0x00000006   Code   RO          927    .ARM.Collect$$rtexit$$00000004  c_w.l(rtexit2.o)
    0x08000226   0x00000002   PAD
    0x08000228   0x000001e4   Code   RO            3    .text               main.o
    0x0800040c   0x00000016   Code   RO          193    .text               stm32f4xx_it.o
    0x08000422   0x00000002   PAD
    0x08000424   0x00000210   Code   RO          242    .text               system_stm32f4xx.o
    0x08000634   0x00000040   Code   RO          291    .text               startup_stm32f40_41xxx.o
    0x08000674   0x000000e0   Code   RO          297    .text               misc.o
    0x08000754   0x00000294   Code   RO          317    .text               stm32f4xx_gpio.o
    0x080009e8   0x0000065c   Code   RO          337    .text               stm32f4xx_rcc.o
    0x08001044   0x00000454   Code   RO          379    .text               stm32f4xx_usart.o
    0x08001498   0x00000ca2   Code   RO          399    .text               stm32f4xx_tim.o
    0x0800213a   0x00000002   PAD
    0x0800213c   0x000009f0   Code   RO          419    .text               stm32f4xx_can.o
    0x08002b2c   0x00000128   Code   RO          439    .text               delay.o
    0x08002c54   0x00000154   Code   RO          479    .text               usart.o
    0x08002da8   0x0000003c   Code   RO          510    .text               led.o
    0x08002de4   0x000006d8   Code   RO          530    .text               rs485.o
    0x080034bc   0x0000017c   Code   RO          562    .text               can.o
    0x08003638   0x00000360   Code   RO          586    .text               motor.o
    0x08003998   0x00000890   Code   RO          613    .text               os_core.o
    0x08004228   0x0000080c   Code   RO          641    .text               os_flag.o
    0x08004a34   0x000005e8   Code   RO          715    .text               os_q.o
    0x0800501c   0x0000038c   Code   RO          735    .text               os_sem.o
    0x080053a8   0x000007c4   Code   RO          755    .text               os_task.o
    0x08005b6c   0x000001b0   Code   RO          775    .text               os_time.o
    0x08005d1c   0x000000c8   Code   RO          807    .text               os_cpu_a.o
    0x08005de4   0x000001c4   Code   RO          812    .text               os_cpu_c.o
    0x08005fa8   0x00000002   Code   RO          842    .text               c_w.l(use_no_semi_2.o)
    0x08005faa   0x00000006   Code   RO          844    .text               c_w.l(heapauxi.o)
    0x08005fb0   0x00000002   Code   RO          848    .text               c_w.l(use_no_semi.o)
    0x08005fb2   0x0000004a   Code   RO          866    .text               c_w.l(sys_stackheap_outer.o)
    0x08005ffc   0x0000000c   Code   RO          868    .text               c_w.l(exit.o)
    0x08006008   0x00000008   Code   RO          876    .text               c_w.l(libspace.o)
    0x08006010   0x0000000a   Code   RO          933    x$fpl$fpinit        fz_wm.l(fpinit.o)
    0x0800601a   0x00000200   Data   RO          532    .constdata          rs485.o
    0x0800621a   0x00000100   Data   RO          615    .constdata          os_core.o
    0x0800631a   0x00000002   PAD
    0x0800631c   0x00000020   Data   RO          996    Region$$Table       anon$$obj.o


    Execution Region RW_IRAM1 (Base: 0x20000000, Size: 0x00002650, Max: 0x00020000, ABSOLUTE)

    Base Addr    Size         Type   Attr      Idx    E Section Name        Object

    0x20000000   0x0000000c   Data   RW            5    .data               main.o
    0x2000000c   0x00000014   Data   RW          243    .data               system_stm32f4xx.o
    0x20000020   0x00000004   Data   RW          270    .data               glb_reg.o
    0x20000024   0x00000010   Data   RW          338    .data               stm32f4xx_rcc.o
    0x20000034   0x00000004   Data   RW          440    .data               delay.o
    0x20000038   0x00000006   Data   RW          481    .data               usart.o
    0x2000003e   0x00000002   PAD
    0x20000040   0x00000009   Data   RW          533    .data               rs485.o
    0x20000049   0x00000001   PAD
    0x2000004a   0x00000004   Data   RW          588    .data               motor.o
    0x2000004e   0x00000002   PAD
    0x20000050   0x00000048   Data   RW          616    .data               os_core.o
    0x20000098   0x00000a00   Zero   RW            4    .bss                main.o
    0x20000a98   0x00000800   Zero   RW          268    .bss                glb_reg.o
    0x20001298   0x000000c8   Zero   RW          480    .bss                usart.o
    0x20001360   0x0000020e   Zero   RW          531    .bss                rs485.o
    0x2000156e   0x00000002   PAD
    0x20001570   0x00000a80   Zero   RW          614    .bss                os_core.o
    0x20001ff0   0x00000060   Zero   RW          877    .bss                c_w.l(libspace.o)
    0x20002050   0x00000200   Zero   RW          289    HEAP                startup_stm32f40_41xxx.o
    0x20002250   0x00000400   Zero   RW          288    STACK               startup_stm32f40_41xxx.o


==============================================================================

Image component sizes


      Code (inc. data)   RO Data    RW Data    ZI Data      Debug   Object Name

       380          8          0          0          0       2080   can.o
       296         18          0          4          0       1773   delay.o
         0          0          0          4       2048       1971   glb_reg.o
        60          4          0          0          0        511   led.o
       484         46          0         12       2560     300495   main.o
       224         20          0          0          0       1789   misc.o
       864         34          0          4          0       3175   motor.o
      2192        218        256         72       2688      15043   os_core.o
       200         32          0          0          0        312   os_cpu_a.o
       452          6          0          0          0      10554   os_cpu_c.o
      2060         42          0          0          0       6872   os_flag.o
      1512         30          0          0          0       5501   os_q.o
       908         18          0          0          0       3842   os_sem.o
      1988         70          0          0          0       7529   os_task.o
       432         30          0          0          0       1790   os_time.o
      1752         92        512          9        526       5146   rs485.o
        64         26        392          0       1536        820   startup_stm32f40_41xxx.o
      2544         38          0          0          0       7940   stm32f4xx_can.o
       660         44          0          0          0       4065   stm32f4xx_gpio.o
        22          0          0          0          0     228495   stm32f4xx_it.o
      1628         52          0         16          0      12840   stm32f4xx_rcc.o
      3234         60          0          0          0      22268   stm32f4xx_tim.o
      1108         34          0          0          0       7764   stm32f4xx_usart.o
       528         46          0         20          0       1735   system_stm32f4xx.o
       340         18          0          6        200       3262   usart.o

    ----------------------------------------------------------------------
     23936        986       1194        152       9560     657572   Object Totals
         0          0         32          0          0          0   (incl. Generated)
         4          0          2          5          2          0   (incl. Padding)

    ----------------------------------------------------------------------

      Code (inc. data)   RO Data    RW Data    ZI Data      Debug   Library Member Name

         8          0          0          0          0         68   __main.o
        52          8          0          0          0          0   __scatter.o
        26          0          0          0          0          0   __scatter_copy.o
        28          0          0          0          0          0   __scatter_zi.o
        12          0          0          0          0         72   exit.o
         6          0          0          0          0        152   heapauxi.o
         2          0          0          0          0          0   libinit.o
         6          0          0          0          0          0   libinit2.o
         2          0          0          0          0          0   libshutdown.o
         2          0          0          0          0          0   libshutdown2.o
         8          4          0          0         96         68   libspace.o
         0          0          0          0          0          0   rtentry.o
        12          0          0          0          0          0   rtentry2.o
         6          0          0          0          0          0   rtentry4.o
         2          0          0          0          0          0   rtexit.o
        10          0          0          0          0          0   rtexit2.o
        74          0          0          0          0         80   sys_stackheap_outer.o
         2          0          0          0          0         68   use_no_semi.o
         2          0          0          0          0         68   use_no_semi_2.o
        10          0          0          0          0        116   fpinit.o

    ----------------------------------------------------------------------
       274         12          0          0         96        692   Library Totals
         4          0          0          0          0          0   (incl. Padding)

    ----------------------------------------------------------------------

      Code (inc. data)   RO Data    RW Data    ZI Data      Debug   Library Name

       260         12          0          0         96        576   c_w.l
        10          0          0          0          0        116   fz_wm.l

    ----------------------------------------------------------------------
       274         12          0          0         96        692   Library Totals

    ----------------------------------------------------------------------

==============================================================================


      Code (inc. data)   RO Data    RW Data    ZI Data      Debug   

     24210        998       1194        152       9656     653508   Grand Totals
     24210        998       1194        152       9656     653508   ELF Image Totals
     24210        998       1194        152          0          0   ROM Totals

==============================================================================

    Total RO  Size (Code + RO Data)                25404 (  24.81kB)
    Total RW  Size (RW Data + ZI Data)              9808 (   9.58kB)
    Total ROM Size (Code + RO Data + RW Data)      25556 (  24.96kB)

==============================================================================

